Archive member included because of file (symbol)

d:/devkitPro/libogc/lib/wii\libSDL.a(SDL_wii_main.o)
                              d:/devkitpro/devkitppc/bin/../lib/gcc/powerpc-eabi/4.8.2/../../../../powerpc-eabi/lib/crtmain.o (main)
d:/devkitPro/libogc/lib/wii\libSDL.a(SDL_wiivideo.o)
                              d:/devkitPro/libogc/lib/wii\libSDL.a(SDL_wii_main.o) (WII_InitVideoSystem)
d:/devkitPro/libogc/lib/wii\libSDL.a(SDL.o)
                              d:/devkitPro/libogc/lib/wii\libSDL.a(SDL_wii_main.o) (SDL_Quit)
d:/devkitPro/libogc/lib/wii\libSDL.a(SDL_error.o)
                              d:/devkitPro/libogc/lib/wii\libSDL.a(SDL_wiivideo.o) (SDL_SetError)
d:/devkitPro/libogc/lib/wii\libSDL.a(SDL_fatal.o)
                              d:/devkitPro/libogc/lib/wii\libSDL.a(SDL.o) (SDL_InstallParachute)
d:/devkitPro/libogc/lib/wii\libSDL.a(SDL_audio.o)
                              d:/devkitPro/libogc/lib/wii\libSDL.a(SDL.o) (SDL_AudioQuit)
d:/devkitPro/libogc/lib/wii\libSDL.a(SDL_audiocvt.o)
                              d:/devkitPro/libogc/lib/wii\libSDL.a(SDL_audio.o) (SDL_ConvertAudio)
d:/devkitPro/libogc/lib/wii\libSDL.a(SDL_wiiaudio.o)
                              d:/devkitPro/libogc/lib/wii\libSDL.a(SDL_audio.o) (WIIAUD_bootstrap)
d:/devkitPro/libogc/lib/wii\libSDL.a(SDL_cdrom.o)
                              d:/devkitPro/libogc/lib/wii\libSDL.a(SDL.o) (SDL_CDROMInit)
d:/devkitPro/libogc/lib/wii\libSDL.a(SDL_syscdrom.o)
                              d:/devkitPro/libogc/lib/wii\libSDL.a(SDL_cdrom.o) (SDL_SYS_CDInit)
d:/devkitPro/libogc/lib/wii\libSDL.a(SDL_joystick.o)
                              d:/devkitPro/libogc/lib/wii\libSDL.a(SDL.o) (SDL_JoystickInit)
d:/devkitPro/libogc/lib/wii\libSDL.a(SDL_sysjoystick.o)
                              d:/devkitPro/libogc/lib/wii\libSDL.a(SDL_joystick.o) (SDL_SYS_JoystickInit)
d:/devkitPro/libogc/lib/wii\libSDL.a(SDL_getenv.o)
                              d:/devkitPro/libogc/lib/wii\libSDL.a(SDL.o) (SDL_getenv)
d:/devkitPro/libogc/lib/wii\libSDL.a(SDL_string.o)
                              d:/devkitPro/libogc/lib/wii\libSDL.a(SDL_error.o) (SDL_snprintf)
d:/devkitPro/libogc/lib/wii\libSDL.a(SDL_thread.o)
                              d:/devkitPro/libogc/lib/wii\libSDL.a(SDL_error.o) (SDL_GetErrBuf)
d:/devkitPro/libogc/lib/wii\libSDL.a(SDL_sysmutex.o)
                              d:/devkitPro/libogc/lib/wii\libSDL.a(SDL_wiivideo.o) (SDL_CreateMutex)
d:/devkitPro/libogc/lib/wii\libSDL.a(SDL_syssem.o)
                              d:/devkitPro/libogc/lib/wii\libSDL.a(SDL_thread.o) (SDL_CreateSemaphore)
d:/devkitPro/libogc/lib/wii\libSDL.a(SDL_systhread.o)
                              d:/devkitPro/libogc/lib/wii\libSDL.a(SDL_thread.o) (SDL_SYS_CreateThread)
d:/devkitPro/libogc/lib/wii\libSDL.a(SDL_timer.o)
                              d:/devkitPro/libogc/lib/wii\libSDL.a(SDL.o) (SDL_TimerInit)
d:/devkitPro/libogc/lib/wii\libSDL.a(SDL_systimer.o)
                              d:/devkitPro/libogc/lib/wii\libSDL.a(SDL.o) (SDL_StartTicks)
d:/devkitPro/libogc/lib/wii\libSDL.a(SDL_pixels.o)
                              d:/devkitPro/libogc/lib/wii\libSDL.a(SDL_wiivideo.o) (SDL_ReallocFormat)
d:/devkitPro/libogc/lib/wii\libSDL.a(SDL_video.o)
                              d:/devkitPro/libogc/lib/wii\libSDL.a(SDL.o) (SDL_VideoQuit)
d:/devkitPro/libogc/lib/wii\libSDL.a(SDL_wiievents.o)
                              d:/devkitPro/libogc/lib/wii\libSDL.a(SDL_wiivideo.o) (WII_PumpEvents)
d:/devkitPro/libogc/lib/wii\libSDL.a(SDL_events.o)
                              d:/devkitPro/libogc/lib/wii\libSDL.a(SDL_joystick.o) (SDL_Lock_EventThread)
d:/devkitPro/libogc/lib/wii\libSDL.a(SDL_keyboard.o)
                              d:/devkitPro/libogc/lib/wii\libSDL.a(SDL_events.o) (SDL_KeyboardInit)
d:/devkitPro/libogc/lib/wii\libSDL.a(SDL_mouse.o)
                              d:/devkitPro/libogc/lib/wii\libSDL.a(SDL_events.o) (SDL_MouseInit)
d:/devkitPro/libogc/lib/wii\libSDL.a(SDL_quit.o)
                              d:/devkitPro/libogc/lib/wii\libSDL.a(SDL_events.o) (SDL_QuitInit)
d:/devkitPro/libogc/lib/wii\libSDL.a(SDL_resize.o)
                              d:/devkitPro/libogc/lib/wii\libSDL.a(SDL_video.o) (SDL_PrivateResize)
d:/devkitPro/libogc/lib/wii\libSDL.a(SDL_syscond.o)
                              d:/devkitPro/libogc/lib/wii\libSDL.a(SDL_syssem.o) (SDL_CreateCond)
d:/devkitPro/libogc/lib/wii\libSDL.a(SDL_RLEaccel.o)
                              d:/devkitPro/libogc/lib/wii\libSDL.a(SDL_pixels.o) (SDL_UnRLESurface)
d:/devkitPro/libogc/lib/wii\libSDL.a(SDL_blit.o)
                              d:/devkitPro/libogc/lib/wii\libSDL.a(SDL_pixels.o) (SDL_CalculateBlit)
d:/devkitPro/libogc/lib/wii\libSDL.a(SDL_blit_0.o)
                              d:/devkitPro/libogc/lib/wii\libSDL.a(SDL_blit.o) (SDL_CalculateBlit0)
d:/devkitPro/libogc/lib/wii\libSDL.a(SDL_blit_1.o)
[...]
Memory Configuration

Name             Origin             Length             Attributes
*default*        0x00000000         0xffffffff

Linker script and memory map

                0x00003400                . = 0x3400

.stub
 *(.stub)
                0x80004000                . = 0x80004000

.init           0x80004000      0x194
 *crt0.o(*.init)
 .init          0x80004000      0x170 d:/devkitPro/libogc/lib/wii\libogc.a(ogc_crt0.o)
                0x80004000                _start
                0x80004140                _memset
 *(.init)
 .init          0x80004170        0xc d:/devkitpro/devkitppc/bin/../lib/gcc/powerpc-eabi/4.8.2/ecrti.o
                0x80004170                __init
 .init          0x8000417c        0x4 d:/devkitpro/devkitppc/bin/../lib/gcc/powerpc-eabi/4.8.2/crtbegin.o
 .init          0x80004180        0x4 d:/devkitpro/devkitppc/bin/../lib/gcc/powerpc-eabi/4.8.2/crtend.o
 .init          0x80004184       0x10 d:/devkitpro/devkitppc/bin/../lib/gcc/powerpc-eabi/4.8.2/ecrtn.o

.rela.dyn       0x80004194        0x0
 .rela.iplt     0x00000000        0x0 d:/devkitpro/devkitppc/bin/../lib/gcc/powerpc-eabi/4.8.2/crtbegin.o

.plt
 *(.plt)

.interp
 *(.interp)

.hash
 *(.hash)

.dynsym
 *(.dynsym)

.dynstr
 *(.dynstr)

.gnu.version
 *(.gnu.version)

.gnu.version_d
 *(.gnu.version_d)

.gnu.version_r
 *(.gnu.version_r)

.rel.init
 *(.rel.init)

.rela.init      0x80004194        0x0
 *(.rela.init)
 .rela.init     0x00000000        0x0 d:/devkitpro/devkitppc/bin/../lib/gcc/powerpc-eabi/4.8.2/crtbegin.o

.rel.text
 *(.rel.text .rel.text.* .rel.gnu.linkonce.t.*)

.rela.text      0x80004194        0x0
 *(.rela.text .rela.text.* .rela.gnu.linkonce.t.*)
 .rela.text     0x00000000        0x0 d:/devkitpro/devkitppc/bin/../lib/gcc/powerpc-eabi/4.8.2/crtbegin.o
 .rela.text.WII_CreateDevice
                0x00000000        0x0 d:/devkitpro/devkitppc/bin/../lib/gcc/powerpc-eabi/4.8.2/crtbegin.o
 .rela.text.WII_UpdateRect
                0x00000000        0x0 d:/devkitpro/devkitppc/bin/../lib/gcc/powerpc-eabi/4.8.2/crtbegin.o
 .rela.text.flip_thread
                0x00000000        0x0 d:/devkitpro/devkitppc/bin/../lib/gcc/powerpc-eabi/4.8.2/crtbegin.o
 .rela.text.SDL_AudioInit
                0x00000000        0x0 d:/devkitpro/devkitppc/bin/../lib/gcc/powerpc-eabi/4.8.2/crtbegin.o
 .rela.text.SDL_CDROMInit
                0x00000000        0x0 d:/devkitpro/devkitppc/bin/../lib/gcc/powerpc-eabi/4.8.2/crtbegin.o
 .rela.text.SDL_CDNumDrives
                0x00000000        0x0 d:/devkitpro/devkitppc/bin/../lib/gcc/powerpc-eabi/4.8.2/crtbegin.o
 .rela.text.SDL_CDName
                0x00000000        0x0 d:/devkitpro/devkitppc/bin/../lib/gcc/powerpc-eabi/4.8.2/crtbegin.o
 .rela.text.SDL_CDOpen
                0x00000000        0x0 d:/devkitpro/devkitppc/bin/../lib/gcc/powerpc-eabi/4.8.2/crtbegin.o
 .rela.text.SDL_PrivateJoystickAxis
                0x00000000        0x0 d:/devkitpro/devkitppc/bin/../lib/gcc/powerpc-eabi/4.8.2/crtbegin.o
 .rela.text.SDL_PrivateJoystickHat
                0x00000000        0x0 d:/devkitpro/devkitppc/bin/../lib/gcc/powerpc-eabi/4.8.2/crtbegin.o
 .rela.text.SDL_PrivateJoystickBall
                0x00000000        0x0 d:/devkitpro/devkitppc/bin/../lib/gcc/powerpc-eabi/4.8.2/crtbegin.o
 .rela.text.SDL_PrivateJoystickButton
                0x00000000        0x0 d:/devkitpro/devkitppc/bin/../lib/gcc/powerpc-eabi/4.8.2/crtbegin.o
 .rela.text.SDL_strupr
                0x00000000        0x0 d:/devkitpro/devkitppc/bin/../lib/gcc/powerpc-eabi/4.8.2/crtbegin.o
 .rela.text.SDL_strlwr
                0x00000000        0x0 d:/devkitpro/devkitppc/bin/../lib/gcc/powerpc-eabi/4.8.2/crtbegin.o
 .rela.text.SDL_vsnprintf
                0x00000000        0x0 d:/devkitpro/devkitppc/bin/../lib/gcc/powerpc-eabi/4.8.2/crtbegin.o
 .rela.text.SDL_SetTimer
                0x00000000        0x0 d:/devkitpro/devkitppc/bin/../lib/gcc/powerpc-eabi/4.8.2/crtbegin.o
 .rela.text.SDL_UpdateRects.constprop.3
                0x00000000        0x0 d:/devkitpro/devkitppc/bin/../lib/gcc/powerpc-eabi/4.8.2/crtbegin.o
 .rela.text.SDL_UpdateRects
                0x00000000        0x0 d:/devkitpro/devkitppc/bin/../lib/gcc/powerpc-eabi/4.8.2/crtbegin.o
 .rela.text.SDL_Flip
                0x00000000        0x0 d:/devkitpro/devkitppc/bin/../lib/gcc/powerpc-eabi/4.8.2/crtbegin.o
 .rela.text.SDL_SetVideoMode
                0x00000000        0x0 d:/devkitpro/devkitppc/bin/../lib/gcc/powerpc-eabi/4.8.2/crtbegin.o
 .rela.text.SDL_StartEventLoop
                0x00000000        0x0 d:/devkitpro/devkitppc/bin/../lib/gcc/powerpc-eabi/4.8.2/crtbegin.o
 .rela.text.SDL_EventState
                0x00000000        0x0 d:/devkitpro/devkitppc/bin/../lib/gcc/powerpc-eabi/4.8.2/crtbegin.o
 .rela.text.SDL_PrivateSysWMEvent
                0x00000000        0x0 d:/devkitpro/devkitppc/bin/../lib/gcc/powerpc-eabi/4.8.2/crtbegin.o
 .rela.text.SDL_KeyboardInit
                0x00000000        0x0 d:/devkitpro/devkitppc/bin/../lib/gcc/powerpc-eabi/4.8.2/crtbegin.o
 .rela.text.SDL_ResetKeyboard
                0x00000000        0x0 d:/devkitpro/devkitppc/bin/../lib/gcc/powerpc-eabi/4.8.2/crtbegin.o
 .rela.text.SDL_PrivateKeyboard
                0x00000000        0x0 d:/devkitpro/devkitppc/bin/../lib/gcc/powerpc-eabi/4.8.2/crtbegin.o
 .rela.text.SDL_CheckKeyRepeat
                0x00000000        0x0 d:/devkitpro/devkitppc/bin/../lib/gcc/powerpc-eabi/4.8.2/crtbegin.o
 .rela.text.SDL_EnableKeyRepeat
                0x00000000        0x0 d:/devkitpro/devkitppc/bin/../lib/gcc/powerpc-eabi/4.8.2/crtbegin.o
 .rela.text.SDL_GetKeyRepeat
                0x00000000        0x0 d:/devkitpro/devkitppc/bin/../lib/gcc/powerpc-eabi/4.8.2/crtbegin.o
 .rela.text.SDL_ResetMouse
                0x00000000        0x0 d:/devkitpro/devkitppc/bin/../lib/gcc/powerpc-eabi/4.8.2/crtbegin.o
 .rela.text.SDL_PrivateMouseMotion
                0x00000000        0x0 d:/devkitpro/devkitppc/bin/../lib/gcc/powerpc-eabi/4.8.2/crtbegin.o
 .rela.text.SDL_PrivateMouseButton
                0x00000000        0x0 d:/devkitpro/devkitppc/bin/../lib/gcc/powerpc-eabi/4.8.2/crtbegin.o
 .rela.text.SDL_HandleSIG
                0x00000000        0x0 d:/devkitpro/devkitppc/bin/../lib/gcc/powerpc-eabi/4.8.2/crtbegin.o
 .rela.text.SDL_PrivateQuit
                0x00000000        0x0 d:/devkitpro/devkitppc/bin/../lib/gcc/powerpc-eabi/4.8.2/crtbegin.o
 .rela.text.SDL_PrivateResize
                0x00000000        0x0 d:/devkitpro/devkitppc/bin/../lib/gcc/powerpc-eabi/4.8.2/crtbegin.o
 .rela.text.SDL_PrivateAppActive
                0x00000000        0x0 d:/devkitpro/devkitppc/bin/../lib/gcc/powerpc-eabi/4.8.2/crtbegin.o
 .rela.text.wiiuse_handshake
                0x00000000        0x0 d:/devkitpro/devkitppc/bin/../lib/gcc/powerpc-eabi/4.8.2/crtbegin.o
 .rela.text.wiiuse_handshake_expansion
                0x00000000        0x0 d:/devkitpro/devkitppc/bin/../lib/gcc/powerpc-eabi/4.8.2/crtbegin.o
 .rela.text.wiiuse_init_cmd_queue
                0x00000000        0x0 d:/devkitpro/devkitppc/bin/../lib/gcc/powerpc-eabi/4.8.2/crtbegin.o
 .rela.text.wiiuse_init
                0x00000000        0x0 d:/devkitpro/devkitppc/bin/../lib/gcc/powerpc-eabi/4.8.2/crtbegin.o
 .rela.text.bt_alarmhandler
                0x00000000        0x0 d:/devkitpro/devkitppc/bin/../lib/gcc/powerpc-eabi/4.8.2/crtbegin.o
 .rela.text._keyboardRead
                0x00000000        0x0 d:/devkitpro/devkitppc/bin/../lib/gcc/powerpc-eabi/4.8.2/crtbegin.o
 .rela.text._kbd_buf_thread_func
                0x00000000        0x0 d:/devkitpro/devkitppc/bin/../lib/gcc/powerpc-eabi/4.8.2/crtbegin.o
 .rela.text.KEYBOARD_Init
                0x00000000        0x0 d:/devkitpro/devkitppc/bin/../lib/gcc/powerpc-eabi/4.8.2/crtbegin.o
 .rela.text.__console_init
                0x00000000        0x0 d:/devkitpro/devkitppc/bin/../lib/gcc/powerpc-eabi/4.8.2/crtbegin.o
 .rela.text.__console_init_ex
                0x00000000        0x0 d:/devkitpro/devkitppc/bin/../lib/gcc/powerpc-eabi/4.8.2/crtbegin.o
 .rela.text.CON_EnableGecko
                0x00000000        0x0 d:/devkitpro/devkitppc/bin/../lib/gcc/powerpc-eabi/4.8.2/crtbegin.o
 .rela.text.__lwp_thread_calcheir
                0x00000000        0x0 d:/devkitpro/devkitppc/bin/../lib/gcc/powerpc-eabi/4.8.2/crtbegin.o
 .rela.text.__lwp_wd_insert_ticks.constprop.4
                0x00000000        0x0 d:/devkitpro/devkitppc/bin/../lib/gcc/powerpc-eabi/4.8.2/crtbegin.o
 .rela.text.__lwp_rotate_readyqueue
                0x00000000        0x0 d:/devkitpro/devkitppc/bin/../lib/gcc/powerpc-eabi/4.8.2/crtbegin.o
 .rela.text.__lwp_thread_setpriority
                0x00000000        0x0 d:/devkitpro/devkitppc/bin/../lib/gcc/powerpc-eabi/4.8.2/crtbegin.o
 .rela.text.__lwp_thread_close
                0x00000000        0x0 d:/devkitpro/devkitppc/bin/../lib/gcc/powerpc-eabi/4.8.2/crtbegin.o
 .rela.text.__lwp_thread_closeall
                0x00000000        0x0 d:/devkitpro/devkitppc/bin/../lib/gcc/powerpc-eabi/4.8.2/crtbegin.o
 .rela.text.__lwp_thread_startmultitasking
                0x00000000        0x0 d:/devkitpro/devkitppc/bin/../lib/gcc/powerpc-eabi/4.8.2/crtbegin.o
 .rela.text.__lwp_thread_stopmultitasking
                0x00000000        0x0 d:/devkitpro/devkitppc/bin/../lib/gcc/powerpc-eabi/4.8.2/crtbegin.o
 .rela.text.__lwp_thread_coreinit
                0x00000000        0x0 d:/devkitpro/devkitppc/bin/../lib/gcc/powerpc-eabi/4.8.2/crtbegin.o
 .rela.text.__lwp_cntrl_open
                0x00000000        0x0 d:/devkitpro/devkitppc/bin/../lib/gcc/powerpc-eabi/4.8.2/crtbegin.o
 .rela.text.__lwp_tqueue_open
                0x00000000        0x0 d:/devkitpro/devkitppc/bin/../lib/gcc/powerpc-eabi/4.8.2/crtbegin.o
 .rela.text.__lwp_cntrl_free
                0x00000000        0x0 d:/devkitpro/devkitppc/bin/../lib/gcc/powerpc-eabi/4.8.2/crtbegin.o
 .rela.text.__lwp_sysinit
                0x00000000        0x0 d:/devkitpro/devkitppc/bin/../lib/gcc/powerpc-eabi/4.8.2/crtbegin.o
 .rela.text.__lwp_thread_isalive
                0x00000000        0x0 d:/devkitpro/devkitppc/bin/../lib/gcc/powerpc-eabi/4.8.2/crtbegin.o
 .rela.text.__lwp_thread_exists
                0x00000000        0x0 d:/devkitpro/devkitppc/bin/../lib/gcc/powerpc-eabi/4.8.2/crtbegin.o
 .rela.text.__lwp_thread_context
                0x00000000        0x0 d:/devkitpro/devkitppc/bin/../lib/gcc/powerpc-eabi/4.8.2/crtbegin.o
 .rela.text.LWP_CreateThread
                0x00000000        0x0 d:/devkitpro/devkitppc/bin/../lib/gcc/powerpc-eabi/4.8.2/crtbegin.o
 .rela.text.LWP_InitQueue
                0x00000000        0x0 d:/devkitpro/devkitppc/bin/../lib/gcc/powerpc-eabi/4.8.2/crtbegin.o
 .rela.text.LWP_CloseQueue
                0x00000000        0x0 d:/devkitpro/devkitppc/bin/../lib/gcc/powerpc-eabi/4.8.2/crtbegin.o
 .rela.text.__lwp_stack_allocate
                0x00000000        0x0 d:/devkitpro/devkitppc/bin/../lib/gcc/powerpc-eabi/4.8.2/crtbegin.o
 .rela.text.__lwp_stack_free
                0x00000000        0x0 d:/devkitpro/devkitppc/bin/../lib/gcc/powerpc-eabi/4.8.2/crtbegin.o
 .rela.text.__lwp_watchdog_init
                0x00000000        0x0 d:/devkitpro/devkitppc/bin/../lib/gcc/powerpc-eabi/4.8.2/crtbegin.o
 .rela.text.__lwp_wd_tickle
                0x00000000        0x0 d:/devkitpro/devkitppc/bin/../lib/gcc/powerpc-eabi/4.8.2/crtbegin.o
 .rela.text.__lwp_wkspace_heapfree
                0x00000000        0x0 d:/devkitpro/devkitppc/bin/../lib/gcc/powerpc-eabi/4.8.2/crtbegin.o
 .rela.text.__lwp_wkspace_heapused
                0x00000000        0x0 d:/devkitpro/devkitppc/bin/../lib/gcc/powerpc-eabi/4.8.2/crtbegin.o
 .rela.text.__lwp_wkspace_init
                0x00000000        0x0 d:/devkitpro/devkitppc/bin/../lib/gcc/powerpc-eabi/4.8.2/crtbegin.o
 .rela.text.__lwp_objmgr_initinfo
                0x00000000        0x0 d:/devkitpro/devkitppc/bin/../lib/gcc/powerpc-eabi/4.8.2/crtbegin.o
 .rela.text.__irq_init
                0x00000000        0x0 d:/devkitpro/devkitppc/bin/../lib/gcc/powerpc-eabi/4.8.2/crtbegin.o
 .rela.text.__lwp_mutex_locksupp.constprop.7
                0x00000000        0x0 d:/devkitpro/devkitppc/bin/../lib/gcc/powerpc-eabi/4.8.2/crtbegin.o
 .rela.text.__lwp_mutex_init
                0x00000000        0x0 d:/devkitpro/devkitppc/bin/../lib/gcc/powerpc-eabi/4.8.2/crtbegin.o
 .rela.text.LWP_MutexInit
                0x00000000        0x0 d:/devkitpro/devkitppc/bin/../lib/gcc/powerpc-eabi/4.8.2/crtbegin.o
 .rela.text.LWP_MutexDestroy
                0x00000000        0x0 d:/devkitpro/devkitppc/bin/../lib/gcc/powerpc-eabi/4.8.2/crtbegin.o
 .rela.text.LWP_MutexUnlock
                0x00000000        0x0 d:/devkitpro/devkitppc/bin/../lib/gcc/powerpc-eabi/4.8.2/crtbegin.o
 .rela.text.__call_resetfuncs
                0x00000000        0x0 d:/devkitpro/devkitppc/bin/../lib/gcc/powerpc-eabi/4.8.2/crtbegin.o
 .rela.text.__locksram
                0x00000000        0x0 d:/devkitpro/devkitppc/bin/../lib/gcc/powerpc-eabi/4.8.2/crtbegin.o
 .rela.text.__lwp_wd_insert_ticks
                0x00000000        0x0 d:/devkitpro/devkitppc/bin/../lib/gcc/powerpc-eabi/4.8.2/crtbegin.o
 .rela.text.__sram_writecallback
                0x00000000        0x0 d:/devkitpro/devkitppc/bin/../lib/gcc/powerpc-eabi/4.8.2/crtbegin.o
 .rela.text.__unlocksram
                0x00000000        0x0 d:/devkitpro/devkitppc/bin/../lib/gcc/powerpc-eabi/4.8.2/crtbegin.o
 .rela.text.__sram_init
                0x00000000        0x0 d:/devkitpro/devkitppc/bin/../lib/gcc/powerpc-eabi/4.8.2/crtbegin.o
 .rela.text.__SYS_SyncSram
                0x00000000        0x0 d:/devkitpro/devkitppc/bin/../lib/gcc/powerpc-eabi/4.8.2/crtbegin.o
 .rela.text.SYS_Init
                0x00000000        0x0 d:/devkitpro/devkitppc/bin/../lib/gcc/powerpc-eabi/4.8.2/crtbegin.o
 .rela.text.SYS_RemoveAlarm
                0x00000000        0x0 d:/devkitpro/devkitppc/bin/../lib/gcc/powerpc-eabi/4.8.2/crtbegin.o
 .rela.text.SYS_CancelAlarm
                0x00000000        0x0 d:/devkitpro/devkitppc/bin/../lib/gcc/powerpc-eabi/4.8.2/crtbegin.o
 .rela.text.__lwp_cond_open
                0x00000000        0x0 d:/devkitpro/devkitppc/bin/../lib/gcc/powerpc-eabi/4.8.2/crtbegin.o
 .rela.text.__lwp_cond_init
                0x00000000        0x0 d:/devkitpro/devkitppc/bin/../lib/gcc/powerpc-eabi/4.8.2/crtbegin.o
 .rela.text.LWP_CondInit
                0x00000000        0x0 d:/devkitpro/devkitppc/bin/../lib/gcc/powerpc-eabi/4.8.2/crtbegin.o
 .rela.text.LWP_CondDestroy
                0x00000000        0x0 d:/devkitpro/devkitppc/bin/../lib/gcc/powerpc-eabi/4.8.2/crtbegin.o
 .rela.text.__GX_FifoLink
                0x00000000        0x0 d:/devkitpro/devkitppc/bin/../lib/gcc/powerpc-eabi/4.8.2/crtbegin.o
 .rela.text.__GX_WriteFifoIntEnable
                0x00000000        0x0 d:/devkitpro/devkitppc/bin/../lib/gcc/powerpc-eabi/4.8.2/crtbegin.o
 .rela.text.__GX_FifoReadEnable
                0x00000000        0x0 d:/devkitpro/devkitppc/bin/../lib/gcc/powerpc-eabi/4.8.2/crtbegin.o
 .rela.text.__GX_FifoReadDisable
                0x00000000        0x0 d:/devkitpro/devkitppc/bin/../lib/gcc/powerpc-eabi/4.8.2/crtbegin.o
 .rela.text.__GX_InitRevBits
                0x00000000        0x0 d:/devkitpro/devkitppc/bin/../lib/gcc/powerpc-eabi/4.8.2/crtbegin.o
 .rela.text.__GXDefTexRegionCallback
                0x00000000        0x0 d:/devkitpro/devkitppc/bin/../lib/gcc/powerpc-eabi/4.8.2/crtbegin.o
 .rela.text.__GXDefTlutRegionCallback
                0x00000000        0x0 d:/devkitpro/devkitppc/bin/../lib/gcc/powerpc-eabi/4.8.2/crtbegin.o
 .rela.text.__GX_FlushTextureState
                0x00000000        0x0 d:/devkitpro/devkitppc/bin/../lib/gcc/powerpc-eabi/4.8.2/crtbegin.o
 .rela.text.__SetSURegs
                0x00000000        0x0 d:/devkitpro/devkitppc/bin/../lib/gcc/powerpc-eabi/4.8.2/crtbegin.o
 .rela.text.__SETVCDFMT
                0x00000000        0x0 d:/devkitpro/devkitppc/bin/../lib/gcc/powerpc-eabi/4.8.2/crtbegin.o
 .rela.text.__GX_SetMatrixIndex.part.1
                0x00000000        0x0 d:/devkitpro/devkitppc/bin/../lib/gcc/powerpc-eabi/4.8.2/crtbegin.o
 .rela.text.__SETVCDATTR
                0x00000000        0x0 d:/devkitpro/devkitppc/bin/../lib/gcc/powerpc-eabi/4.8.2/crtbegin.o
 .rela.text.__GX_WriteFifoIntReset.constprop.11
                0x00000000        0x0 d:/devkitpro/devkitppc/bin/../lib/gcc/powerpc-eabi/4.8.2/crtbegin.o
 .rela.text.__GXCPInterruptHandler
                0x00000000        0x0 d:/devkitpro/devkitppc/bin/../lib/gcc/powerpc-eabi/4.8.2/crtbegin.o
 .rela.text.__GX_SetDirtyState
                0x00000000        0x0 d:/devkitpro/devkitppc/bin/../lib/gcc/powerpc-eabi/4.8.2/crtbegin.o
 .rela.text.GX_Flush
                0x00000000        0x0 d:/devkitpro/devkitppc/bin/../lib/gcc/powerpc-eabi/4.8.2/crtbegin.o
 .rela.text.GX_EnableBreakPt
                0x00000000        0x0 d:/devkitpro/devkitppc/bin/../lib/gcc/powerpc-eabi/4.8.2/crtbegin.o
 .rela.text.GX_DisableBreakPt
                0x00000000        0x0 d:/devkitpro/devkitppc/bin/../lib/gcc/powerpc-eabi/4.8.2/crtbegin.o
 .rela.text.GX_AbortFrame
                0x00000000        0x0 d:/devkitpro/devkitppc/bin/../lib/gcc/powerpc-eabi/4.8.2/crtbegin.o
 .rela.text.GX_PixModeSync
                0x00000000        0x0 d:/devkitpro/devkitppc/bin/../lib/gcc/powerpc-eabi/4.8.2/crtbegin.o
 .rela.text.GX_SetMisc
                0x00000000        0x0 d:/devkitpro/devkitppc/bin/../lib/gcc/powerpc-eabi/4.8.2/crtbegin.o
 .rela.text.GX_SetCopyClamp
                0x00000000        0x0 d:/devkitpro/devkitppc/bin/../lib/gcc/powerpc-eabi/4.8.2/crtbegin.o
 .rela.text.GX_SetDispCopyGamma
                0x00000000        0x0 d:/devkitpro/devkitppc/bin/../lib/gcc/powerpc-eabi/4.8.2/crtbegin.o
 .rela.text.GX_SetDispCopyFrame2Field
                0x00000000        0x0 d:/devkitpro/devkitppc/bin/../lib/gcc/powerpc-eabi/4.8.2/crtbegin.o
 .rela.text.GX_SetDispCopyYScale
                0x00000000        0x0 d:/devkitpro/devkitppc/bin/../lib/gcc/powerpc-eabi/4.8.2/crtbegin.o
 .rela.text.GX_SetDispCopyDst
                0x00000000        0x0 d:/devkitpro/devkitppc/bin/../lib/gcc/powerpc-eabi/4.8.2/crtbegin.o
 .rela.text.GX_SetDispCopySrc
                0x00000000        0x0 d:/devkitpro/devkitppc/bin/../lib/gcc/powerpc-eabi/4.8.2/crtbegin.o
 .rela.text.GX_CopyDisp
                0x00000000        0x0 d:/devkitpro/devkitppc/bin/../lib/gcc/powerpc-eabi/4.8.2/crtbegin.o
 .rela.text.GX_CopyTex
                0x00000000        0x0 d:/devkitpro/devkitppc/bin/../lib/gcc/powerpc-eabi/4.8.2/crtbegin.o
 .rela.text.GX_SetTexCopySrc
                0x00000000        0x0 d:/devkitpro/devkitppc/bin/../lib/gcc/powerpc-eabi/4.8.2/crtbegin.o
 .rela.text.GX_SetTexCopyDst
                0x00000000        0x0 d:/devkitpro/devkitppc/bin/../lib/gcc/powerpc-eabi/4.8.2/crtbegin.o
 .rela.text.GX_BeginDispList
                0x00000000        0x0 d:/devkitpro/devkitppc/bin/../lib/gcc/powerpc-eabi/4.8.2/crtbegin.o
 .rela.text.GX_EndDispList
                0x00000000        0x0 d:/devkitpro/devkitppc/bin/../lib/gcc/powerpc-eabi/4.8.2/crtbegin.o
 .rela.text.GX_CallDispList
                0x00000000        0x0 d:/devkitpro/devkitppc/bin/../lib/gcc/powerpc-eabi/4.8.2/crtbegin.o
 .rela.text.GX_SetChanCtrl
                0x00000000        0x0 d:/devkitpro/devkitppc/bin/../lib/gcc/powerpc-eabi/4.8.2/crtbegin.o
 .rela.text.GX_SetChanAmbColor
                0x00000000        0x0 d:/devkitpro/devkitppc/bin/../lib/gcc/powerpc-eabi/4.8.2/crtbegin.o
 .rela.text.GX_SetChanMatColor
                0x00000000        0x0 d:/devkitpro/devkitppc/bin/../lib/gcc/powerpc-eabi/4.8.2/crtbegin.o
 .rela.text.GX_SetVtxDesc
                0x00000000        0x0 d:/devkitpro/devkitppc/bin/../lib/gcc/powerpc-eabi/4.8.2/crtbegin.o
 .rela.text.GX_SetVtxDescv
                0x00000000        0x0 d:/devkitpro/devkitppc/bin/../lib/gcc/powerpc-eabi/4.8.2/crtbegin.o
 .rela.text.GX_GetVtxDescv
                0x00000000        0x0 d:/devkitpro/devkitppc/bin/../lib/gcc/powerpc-eabi/4.8.2/crtbegin.o
 .rela.text.GX_SetVtxAttrFmt
                0x00000000        0x0 d:/devkitpro/devkitppc/bin/../lib/gcc/powerpc-eabi/4.8.2/crtbegin.o
 .rela.text.GX_SetVtxAttrFmtv
                0x00000000        0x0 d:/devkitpro/devkitppc/bin/../lib/gcc/powerpc-eabi/4.8.2/crtbegin.o
 .rela.text.GX_Begin
                0x00000000        0x0 d:/devkitpro/devkitppc/bin/../lib/gcc/powerpc-eabi/4.8.2/crtbegin.o
 .rela.text.GX_SetTexCoordGen2
                0x00000000        0x0 d:/devkitpro/devkitppc/bin/../lib/gcc/powerpc-eabi/4.8.2/crtbegin.o
 .rela.text.GX_SetCurrentMtx
                0x00000000        0x0 d:/devkitpro/devkitppc/bin/../lib/gcc/powerpc-eabi/4.8.2/crtbegin.o
 .rela.text.GX_SetNumTexGens
                0x00000000        0x0 d:/devkitpro/devkitppc/bin/../lib/gcc/powerpc-eabi/4.8.2/crtbegin.o
 .rela.text.GX_SetZMode
                0x00000000        0x0 d:/devkitpro/devkitppc/bin/../lib/gcc/powerpc-eabi/4.8.2/crtbegin.o
 .rela.text.GX_LoadTexObjPreloaded
                0x00000000        0x0 d:/devkitpro/devkitppc/bin/../lib/gcc/powerpc-eabi/4.8.2/crtbegin.o
 .rela.text.GX_SetTexCoordScaleManually
                0x00000000        0x0 d:/devkitpro/devkitppc/bin/../lib/gcc/powerpc-eabi/4.8.2/crtbegin.o
 .rela.text.GX_SetTexCoordCylWrap
                0x00000000        0x0 d:/devkitpro/devkitppc/bin/../lib/gcc/powerpc-eabi/4.8.2/crtbegin.o
 .rela.text.GX_SetTexCoordBias
                0x00000000        0x0 d:/devkitpro/devkitppc/bin/../lib/gcc/powerpc-eabi/4.8.2/crtbegin.o
 .rela.text.GX_SetBlendMode
                0x00000000        0x0 d:/devkitpro/devkitppc/bin/../lib/gcc/powerpc-eabi/4.8.2/crtbegin.o
 .rela.text.GX_ClearVtxDesc
                0x00000000        0x0 d:/devkitpro/devkitppc/bin/../lib/gcc/powerpc-eabi/4.8.2/crtbegin.o
 .rela.text.GX_SetLineWidth
                0x00000000        0x0 d:/devkitpro/devkitppc/bin/../lib/gcc/powerpc-eabi/4.8.2/crtbegin.o
 .rela.text.GX_SetPointSize
                0x00000000        0x0 d:/devkitpro/devkitppc/bin/../lib/gcc/powerpc-eabi/4.8.2/crtbegin.o
 .rela.text.GX_SetTevColorIn
                0x00000000        0x0 d:/devkitpro/devkitppc/bin/../lib/gcc/powerpc-eabi/4.8.2/crtbegin.o
 .rela.text.GX_SetTevAlphaIn
                0x00000000        0x0 d:/devkitpro/devkitppc/bin/../lib/gcc/powerpc-eabi/4.8.2/crtbegin.o
 .rela.text.GX_SetTevColorOp
                0x00000000        0x0 d:/devkitpro/devkitppc/bin/../lib/gcc/powerpc-eabi/4.8.2/crtbegin.o
 .rela.text.GX_SetTevAlphaOp
                0x00000000        0x0 d:/devkitpro/devkitppc/bin/../lib/gcc/powerpc-eabi/4.8.2/crtbegin.o
 .rela.text.GX_SetCullMode
                0x00000000        0x0 d:/devkitpro/devkitppc/bin/../lib/gcc/powerpc-eabi/4.8.2/crtbegin.o
 .rela.text.GX_SetCoPlanar
                0x00000000        0x0 d:/devkitpro/devkitppc/bin/../lib/gcc/powerpc-eabi/4.8.2/crtbegin.o
 .rela.text.GX_EnableTexOffsets
                0x00000000        0x0 d:/devkitpro/devkitppc/bin/../lib/gcc/powerpc-eabi/4.8.2/crtbegin.o
 .rela.text.GX_SetScissor
                0x00000000        0x0 d:/devkitpro/devkitppc/bin/../lib/gcc/powerpc-eabi/4.8.2/crtbegin.o
 .rela.text.GX_SetNumChans
                0x00000000        0x0 d:/devkitpro/devkitppc/bin/../lib/gcc/powerpc-eabi/4.8.2/crtbegin.o
 .rela.text.GX_SetTevOrder
                0x00000000        0x0 d:/devkitpro/devkitppc/bin/../lib/gcc/powerpc-eabi/4.8.2/crtbegin.o
 .rela.text.GX_SetNumTevStages
                0x00000000        0x0 d:/devkitpro/devkitppc/bin/../lib/gcc/powerpc-eabi/4.8.2/crtbegin.o
 .rela.text.GX_SetTevKColorSel
                0x00000000        0x0 d:/devkitpro/devkitppc/bin/../lib/gcc/powerpc-eabi/4.8.2/crtbegin.o
 .rela.text.GX_SetTevKAlphaSel
                0x00000000        0x0 d:/devkitpro/devkitppc/bin/../lib/gcc/powerpc-eabi/4.8.2/crtbegin.o
 .rela.text.GX_SetTevSwapMode
                0x00000000        0x0 d:/devkitpro/devkitppc/bin/../lib/gcc/powerpc-eabi/4.8.2/crtbegin.o
 .rela.text.GX_SetTevSwapModeTable
                0x00000000        0x0 d:/devkitpro/devkitppc/bin/../lib/gcc/powerpc-eabi/4.8.2/crtbegin.o
 .rela.text.GX_SetNumIndStages
                0x00000000        0x0 d:/devkitpro/devkitppc/bin/../lib/gcc/powerpc-eabi/4.8.2/crtbegin.o
 .rela.text.GX_SetIndTexCoordScale
                0x00000000        0x0 d:/devkitpro/devkitppc/bin/../lib/gcc/powerpc-eabi/4.8.2/crtbegin.o
 .rela.text.GX_SetColorUpdate
                0x00000000        0x0 d:/devkitpro/devkitppc/bin/../lib/gcc/powerpc-eabi/4.8.2/crtbegin.o
 .rela.text.GX_SetAlphaUpdate
                0x00000000        0x0 d:/devkitpro/devkitppc/bin/../lib/gcc/powerpc-eabi/4.8.2/crtbegin.o
 .rela.text.GX_SetZCompLoc
                0x00000000        0x0 d:/devkitpro/devkitppc/bin/../lib/gcc/powerpc-eabi/4.8.2/crtbegin.o
 .rela.text.GX_SetPixelFmt
                0x00000000        0x0 d:/devkitpro/devkitppc/bin/../lib/gcc/powerpc-eabi/4.8.2/crtbegin.o
 .rela.text.GX_SetDither
                0x00000000        0x0 d:/devkitpro/devkitppc/bin/../lib/gcc/powerpc-eabi/4.8.2/crtbegin.o
 .rela.text.GX_SetDstAlpha
                0x00000000        0x0 d:/devkitpro/devkitppc/bin/../lib/gcc/powerpc-eabi/4.8.2/crtbegin.o
 .rela.text.GX_SetFieldMode
                0x00000000        0x0 d:/devkitpro/devkitppc/bin/../lib/gcc/powerpc-eabi/4.8.2/crtbegin.o
 .rela.text.GX_SetIndTexOrder
                0x00000000        0x0 d:/devkitpro/devkitppc/bin/../lib/gcc/powerpc-eabi/4.8.2/crtbegin.o
 .rela.text.GX_SetGPMetric
                0x00000000        0x0 d:/devkitpro/devkitppc/bin/../lib/gcc/powerpc-eabi/4.8.2/crtbegin.o
 .rela.text.GX_Init
                0x00000000        0x0 d:/devkitpro/devkitppc/bin/../lib/gcc/powerpc-eabi/4.8.2/crtbegin.o
 .rela.text.GX_ReadGPMetric
                0x00000000        0x0 d:/devkitpro/devkitppc/bin/../lib/gcc/powerpc-eabi/4.8.2/crtbegin.o
 .rela.text.c_decrementer_handler
                0x00000000        0x0 d:/devkitpro/devkitppc/bin/../lib/gcc/powerpc-eabi/4.8.2/crtbegin.o
 .rela.text.__lwp_mqbox_open
                0x00000000        0x0 d:/devkitpro/devkitppc/bin/../lib/gcc/powerpc-eabi/4.8.2/crtbegin.o
 .rela.text.__lwp_mqbox_init
                0x00000000        0x0 d:/devkitpro/devkitppc/bin/../lib/gcc/powerpc-eabi/4.8.2/crtbegin.o
 .rela.text.MQ_Init
                0x00000000        0x0 d:/devkitpro/devkitppc/bin/../lib/gcc/powerpc-eabi/4.8.2/crtbegin.o
 .rela.text.MQ_Close
                0x00000000        0x0 d:/devkitpro/devkitppc/bin/../lib/gcc/powerpc-eabi/4.8.2/crtbegin.o
 .rela.text.__lwp_wkspace_free
                0x00000000        0x0 d:/devkitpro/devkitppc/bin/../lib/gcc/powerpc-eabi/4.8.2/crtbegin.o
 .rela.text.__ios_ioctlvformat_parse
                0x00000000        0x0 d:/devkitpro/devkitppc/bin/../lib/gcc/powerpc-eabi/4.8.2/crtbegin.o
 .rela.text.IOS_IoctlvFormat
                0x00000000        0x0 d:/devkitpro/devkitppc/bin/../lib/gcc/powerpc-eabi/4.8.2/crtbegin.o
 .rela.text.IOS_IoctlvFormatAsync
                0x00000000        0x0 d:/devkitpro/devkitppc/bin/../lib/gcc/powerpc-eabi/4.8.2/crtbegin.o
 .rela.text.nanosleep
                0x00000000        0x0 d:/devkitpro/devkitppc/bin/../lib/gcc/powerpc-eabi/4.8.2/crtbegin.o
 .rela.text.__libc_delete_hook
                0x00000000        0x0 d:/devkitpro/devkitppc/bin/../lib/gcc/powerpc-eabi/4.8.2/crtbegin.o
 .rela.text.__libc_init
                0x00000000        0x0 d:/devkitpro/devkitppc/bin/../lib/gcc/powerpc-eabi/4.8.2/crtbegin.o
 .rela.text.__libc_wrapup
                0x00000000        0x0 d:/devkitpro/devkitppc/bin/../lib/gcc/powerpc-eabi/4.8.2/crtbegin.o
 .rela.text.__CheckARGV
                0x00000000        0x0 d:/devkitpro/devkitppc/bin/../lib/gcc/powerpc-eabi/4.8.2/crtbegin.o
 .rela.text.__lwp_priority_init
                0x00000000        0x0 d:/devkitpro/devkitppc/bin/../lib/gcc/powerpc-eabi/4.8.2/crtbegin.o
 .rela.text.__lwp_threadqueue_enqueuefifo
                0x00000000        0x0 d:/devkitpro/devkitppc/bin/../lib/gcc/powerpc-eabi/4.8.2/crtbegin.o
 .rela.text.__lwp_threadqueue_dequeuefifo
                0x00000000        0x0 d:/devkitpro/devkitppc/bin/../lib/gcc/powerpc-eabi/4.8.2/crtbegin.o
 .rela.text.__lwp_threadqueue_enqueuepriority
                0x00000000        0x0 d:/devkitpro/devkitppc/bin/../lib/gcc/powerpc-eabi/4.8.2/crtbegin.o
 .rela.text.__lwp_threadqueue_dequeuepriority
                0x00000000        0x0 d:/devkitpro/devkitppc/bin/../lib/gcc/powerpc-eabi/4.8.2/crtbegin.o
 .rela.text.__lwp_threadqueue_enqueue
                0x00000000        0x0 d:/devkitpro/devkitppc/bin/../lib/gcc/powerpc-eabi/4.8.2/crtbegin.o
 .rela.text.__lwp_threadqueue_extractfifo
                0x00000000        0x0 d:/devkitpro/devkitppc/bin/../lib/gcc/powerpc-eabi/4.8.2/crtbegin.o
 .rela.text.__lwp_threadqueue_extractpriority
                0x00000000        0x0 d:/devkitpro/devkitppc/bin/../lib/gcc/powerpc-eabi/4.8.2/crtbegin.o
 .rela.text.__lwpmq_initialize
                0x00000000        0x0 d:/devkitpro/devkitppc/bin/../lib/gcc/powerpc-eabi/4.8.2/crtbegin.o
 .rela.text.__lwpmq_close
                0x00000000        0x0 d:/devkitpro/devkitppc/bin/../lib/gcc/powerpc-eabi/4.8.2/crtbegin.o
 .rela.text.__systemcall_init
                0x00000000        0x0 d:/devkitpro/devkitppc/bin/../lib/gcc/powerpc-eabi/4.8.2/crtbegin.o
 .rela.text.__exception_init
                0x00000000        0x0 d:/devkitpro/devkitppc/bin/../lib/gcc/powerpc-eabi/4.8.2/crtbegin.o
 .rela.text.__exception_close
                0x00000000        0x0 d:/devkitpro/devkitppc/bin/../lib/gcc/powerpc-eabi/4.8.2/crtbegin.o
 .rela.text.__exception_sethandler
                0x00000000        0x0 d:/devkitpro/devkitppc/bin/../lib/gcc/powerpc-eabi/4.8.2/crtbegin.o
 .rela.text.__lwp_sema_open
                0x00000000        0x0 d:/devkitpro/devkitppc/bin/../lib/gcc/powerpc-eabi/4.8.2/crtbegin.o
 .rela.text.__lwp_sema_init
                0x00000000        0x0 d:/devkitpro/devkitppc/bin/../lib/gcc/powerpc-eabi/4.8.2/crtbegin.o
 .rela.text.LWP_SemInit
                0x00000000        0x0 d:/devkitpro/devkitppc/bin/../lib/gcc/powerpc-eabi/4.8.2/crtbegin.o
 .rela.text.LWP_SemDestroy
                0x00000000        0x0 d:/devkitpro/devkitppc/bin/../lib/gcc/powerpc-eabi/4.8.2/crtbegin.o
 .rela.text.kprintf
                0x00000000        0x0 d:/devkitpro/devkitppc/bin/../lib/gcc/powerpc-eabi/4.8.2/crtbegin.o
 .rela.text.atangent
                0x00000000        0x0 d:/devkitpro/devkitppc/bin/../lib/gcc/powerpc-eabi/4.8.2/crtbegin.o
 .rela.text.atangentf
                0x00000000        0x0 d:/devkitpro/devkitppc/bin/../lib/gcc/powerpc-eabi/4.8.2/crtbegin.o
 .rela.text.sinef
                0x00000000        0x0 d:/devkitpro/devkitppc/bin/../lib/gcc/powerpc-eabi/4.8.2/crtbegin.o
 .rela.text.sqrtf
                0x00000000        0x0 d:/devkitpro/devkitppc/bin/../lib/gcc/powerpc-eabi/4.8.2/crtbegin.o
 .rela.text.tanf
                0x00000000        0x0 d:/devkitpro/devkitppc/bin/../lib/gcc/powerpc-eabi/4.8.2/crtbegin.o
 .rela.text.calloc
                0x00000000        0x0 d:/devkitpro/devkitppc/bin/../lib/gcc/powerpc-eabi/4.8.2/crtbegin.o
 .rela.text.__errno
                0x00000000        0x0 d:/devkitpro/devkitppc/bin/../lib/gcc/powerpc-eabi/4.8.2/crtbegin.o
 .rela.text.exit
                0x00000000        0x0 d:/devkitpro/devkitppc/bin/../lib/gcc/powerpc-eabi/4.8.2/crtbegin.o
 .rela.text.fprintf
                0x00000000        0x0 d:/devkitpro/devkitppc/bin/../lib/gcc/powerpc-eabi/4.8.2/crtbegin.o
 .rela.text.fputs
                0x00000000        0x0 d:/devkitpro/devkitppc/bin/../lib/gcc/powerpc-eabi/4.8.2/crtbegin.o
 .rela.text._malloc_trim_r
                0x00000000        0x0 d:/devkitpro/devkitppc/bin/../lib/gcc/powerpc-eabi/4.8.2/crtbegin.o
 .rela.text._free_r
                0x00000000        0x0 d:/devkitpro/devkitppc/bin/../lib/gcc/powerpc-eabi/4.8.2/crtbegin.o
 .rela.text._findenv
                0x00000000        0x0 d:/devkitpro/devkitppc/bin/../lib/gcc/powerpc-eabi/4.8.2/crtbegin.o
 .rela.text.getenv
                0x00000000        0x0 d:/devkitpro/devkitppc/bin/../lib/gcc/powerpc-eabi/4.8.2/crtbegin.o
 .rela.text._findenv_r
                0x00000000        0x0 d:/devkitpro/devkitppc/bin/../lib/gcc/powerpc-eabi/4.8.2/crtbegin.o
 .rela.text.setvbuf
                0x00000000        0x0 d:/devkitpro/devkitppc/bin/../lib/gcc/powerpc-eabi/4.8.2/crtbegin.o
 .rela.text._svfprintf_r
                0x00000000        0x0 d:/devkitpro/devkitppc/bin/../lib/gcc/powerpc-eabi/4.8.2/crtbegin.o
 .rela.text._vfprintf_r
                0x00000000        0x0 d:/devkitpro/devkitppc/bin/../lib/gcc/powerpc-eabi/4.8.2/crtbegin.o
 .rela.text._wcrtomb_r
                0x00000000        0x0 d:/devkitpro/devkitppc/bin/../lib/gcc/powerpc-eabi/4.8.2/crtbegin.o
 .rela.text.wcrtomb
                0x00000000        0x0 d:/devkitpro/devkitppc/bin/../lib/gcc/powerpc-eabi/4.8.2/crtbegin.o
 .rela.text.__call_exitprocs
                0x00000000        0x0 d:/devkitpro/devkitppc/bin/../lib/gcc/powerpc-eabi/4.8.2/crtbegin.o
 .rela.text._dtoa_r
                0x00000000        0x0 d:/devkitpro/devkitppc/bin/../lib/gcc/powerpc-eabi/4.8.2/crtbegin.o
 .rela.text._cleanup_r
                0x00000000        0x0 d:/devkitpro/devkitppc/bin/../lib/gcc/powerpc-eabi/4.8.2/crtbegin.o
 .rela.text.std.isra.0
                0x00000000        0x0 d:/devkitpro/devkitppc/bin/../lib/gcc/powerpc-eabi/4.8.2/crtbegin.o
 .rela.text._cleanup
                0x00000000        0x0 d:/devkitpro/devkitppc/bin/../lib/gcc/powerpc-eabi/4.8.2/crtbegin.o
 .rela.text.loadlocale
                0x00000000        0x0 d:/devkitpro/devkitppc/bin/../lib/gcc/powerpc-eabi/4.8.2/crtbegin.o
 .rela.text.__smakebuf_r
                0x00000000        0x0 d:/devkitpro/devkitppc/bin/../lib/gcc/powerpc-eabi/4.8.2/crtbegin.o

.rel.fini
 *(.rel.fini)

.rela.fini
 *(.rela.fini)

.rel.rodata
 *(.rel.rodata .rel.rodata.* .rel.gnu.linkonce.r.*)

.rela.rodata
 *(.rela.rodata .rela.rodata.* .rela.gnu.linkonce.r.*)

.rel.data
 *(.rel.data .rel.data.* .rel.gnu.linkonce.d.*)

.rela.data
 *(.rela.data .rela.data.* .rela.gnu.linkonce.d.*)

.rel.tdata
 *(.rel.tdata .rel.tdata.* .rel.gnu.linkonce.td.*)

.rela.tdata
 *(.rela.tdata .rela.tdata.* .rela.gnu.linkonce.td.*)

.rel.tbss
 *(.rel.tbss .rel.tbss.* .rel.gnu.linkonce.tb.*)

.rela.tbss
 *(.rela.tbss .rela.tbss.* .rela.gnu.linkonce.tb.*)

.rel.ctors
 *(.rel.ctors)

.rela.ctors
 *(.rela.ctors)

.rel.dtors
 *(.rel.dtors)

.rela.dtors
 *(.rela.dtors)

.rel.got
 *(.rel.got)

.rela.got
 *(.rela.got)

.rela.got1
 *(.rela.got1)

.rela.got2      0x80004194        0x0
 *(.rela.got2)
 .rela.got2     0x00000000        0x0 d:/devkitpro/devkitppc/bin/../lib/gcc/powerpc-eabi/4.8.2/crtbegin.o

.rel.sdata
 *(.rel.sdata .rel.sdata.* .rel.gnu.linkonce.s.*)

.rela.sdata     0x80004194        0x0
 *(.rela.sdata .rela.sdata.* .rela.gnu.linkonce.s.*)
 .rela.sdata._ukbd_keymapdata
                0x00000000        0x0 d:/devkitpro/devkitppc/bin/../lib/gcc/powerpc-eabi/4.8.2/crtbegin.o

.rel.sbss
 *(.rel.sbss .rel.sbss.* .rel.gnu.linkonce.sb.*)

.rela.sbss
 *(.rela.sbss .rela.sbss.* .rel.gnu.linkonce.sb.*)

.rel.sdata2
 *(.rel.sdata2 .rel.sdata2.* .rel.gnu.linkonce.s2.*)

.rela.sdata2    0x80004194        0x0
 *(.rela.sdata2 .rela.sdata2.* .rela.gnu.linkonce.s2.*)
 .rela.sdata2.__sys_inIPL
                0x00000000        0x0 d:/devkitpro/devkitppc/bin/../lib/gcc/powerpc-eabi/4.8.2/crtbegin.o

.rel.sbss2
 *(.rel.sbss2 .rel.sbss2.* .rel.gnu.linkonce.sb2.*)

.rela.sbss2
 *(.rela.sbss2 .rela.sbss2.* .rela.gnu.linkonce.sb2.*)

.rel.bss
 *(.rel.bss .rel.bss.* .rel.gnu.linkonce.b.*)

.rela.bss
 *(.rela.bss .rela.bss.* .rela.gnu.linkonce.b.*)

.rel.plt
 *(.rel.plt)

.rela.plt
 *(.rela.plt)

.text           0x800041a0    0x32080
 *(.text)
 .text          0x800041a0      0x1e0 d:/devkitpro/devkitppc/bin/../lib/gcc/powerpc-eabi/4.8.2/crtbegin.o
 .text          0x80004380       0x44 d:/devkitpro/devkitppc/bin/../lib/gcc/powerpc-eabi/4.8.2/../../../../powerpc-eabi/lib/crtmain.o
                0x80004384                __crtmain
 *fill*         0x800043c4       0x1c 00000000
 .text          0x800043e0      0x44c d:/devkitPro/libogc/lib/wii\libogc.a(lwp_handler.o)
                0x800043e0                _cpu_context_save_fp
                0x80004520                _cpu_context_restore_fp
                0x80004660                _cpu_context_switch
                0x80004740                _cpu_context_save
                0x800047c0                _cpu_context_restore
 .text          0x8000482c      0x4f4 d:/devkitPro/libogc/lib/wii\libogc.a(cache_asm.o)
                0x8000482c                DCFlashInvalidate
                0x80004840                DCEnable
                0x80004854                DCDisable
                0x80004868                DCFreeze
                0x8000487c                DCUnfreeze
                0x80004890                DCTouchLoad
                0x80004898                DCBlockZero
                0x800048a0                DCBlockStore
                0x800048a8                DCBlockFlush
                0x800048b0                DCBlockInvalidate
                0x800048b8                DCInvalidateRange
                0x800048e8                DCFlushRange
                0x8000491c                DCStoreRange
                0x80004950                DCFlushRangeNoSync
                0x80004980                DCStoreRangeNoSync
                0x800049b0                DCZeroRange
                0x800049e0                DCTouchRange
                0x80004a10                ICInvalidateRange
                0x80004a48                ICFlashInvalidate
                0x80004a5c                ICEnable
                0x80004a70                ICDisable
                0x80004a84                ICFreeze
                0x80004a98                ICUnfreeze
                0x80004aac                ICBlockInvalidate
                0x80004ab4                ICSync
                0x80004abc                L2Init
                0x80004b04                L2Enable
                0x80004b20                L2Disable
                0x80004b38                L2GlobalInvalidate
                0x80004b90                __LCEnable
                0x80004c5c                LCDisable
                0x80004c84                LCAllocOneTag
                0x80004c98                LCAllocTags
                0x80004cd8                LCLoadBlocks
                0x80004cfc                LCStoreBlocks
 .text          0x80004d20      0x4a0 d:/devkitPro/libogc/lib/wii\libogc.a(system_asm.o)
                0x80004d20                __realmode
                0x80004d38                __configBATS
                0x80004e68                __InitFPRS
                0x80004f94                __InitPS
                0x80004ff0                __InitCache
                0x80005048                __InitSystem
                0x800050d0                __flush_cache
                0x80005104                __reset
                0x80005174                __InitBATS
                0x80005190                SYS_SwitchFiber
 .text          0x800051c0      0x1ac d:/devkitPro/libogc/lib/wii\libogc.a(irq_handler.o)
                0x800051c0                irq_exceptionhandler
 .text          0x8000536c      0x118 d:/devkitPro/libogc/lib/wii\libogc.a(video_asm.o)
                0x8000536c                __VIClearFramebuffer
 .text          0x80005484      0x1ac d:/devkitPro/libogc/lib/wii\libogc.a(decrementer_handler.o)
                0x80005484                dec_exceptionhandler
 .text          0x80005630      0x35c d:/devkitPro/libogc/lib/wii\libogc.a(exception_handler.o)
                0x80005630                exceptionhandler_start
                0x800056ac                exceptionhandler_patch
                0x800056e0                exceptionhandler_end
                0x800056e4                default_exceptionhandler
                0x80005814                fpu_exceptionhandler
                0x8000595c                systemcallhandler_start
                0x80005988                systemcallhandler_end
 .text          0x8000598c       0x40 d:/devkitpro/devkitppc/bin/../lib/gcc/powerpc-eabi/4.8.2\libgcc.a(_ashldi3.o)
                0x8000598c                __ashldi3
 .text          0x800059cc      0x414 d:/devkitpro/devkitppc/bin/../lib/gcc/powerpc-eabi/4.8.2\libgcc.a(_udivdi3.o)
                0x800059cc                __udivdi3
 .text          0x80005de0      0x3b8 d:/devkitpro/devkitppc/bin/../lib/gcc/powerpc-eabi/4.8.2\libgcc.a(_umoddi3.o)
                0x80005de0                __umoddi3
 .text          0x80006198       0x48 d:/devkitpro/devkitppc/bin/../lib/gcc/powerpc-eabi/4.8.2\libgcc.a(eabi.o)
                0x80006198                __eabi
 .text          0x800061e0       0x58 d:/devkitpro/devkitppc/bin/../lib/gcc/powerpc-eabi/4.8.2\libgcc.a(crtresxgpr.o)
                0x800061e0                _restgpr_14_x
                0x800061e4                _restgpr_15_x
                0x800061e8                _restgpr_16_x
                0x800061ec                _restgpr_17_x
                0x800061f0                _restgpr_18_x
                0x800061f4                _restgpr_19_x
                0x800061f8                _restgpr_20_x
                0x800061fc                _restgpr_21_x
                0x80006200                _restgpr_22_x
                0x80006204                _restgpr_23_x
                0x80006208                _restgpr_24_x
                0x8000620c                _restgpr_25_x
                0x80006210                _restgpr_26_x
                0x80006214                _restgpr_27_x
                0x80006218                _restgpr_28_x
                0x8000621c                _restgpr_29_x
                0x80006220                _restgpr_30_x
                0x80006224                _restgpr_31_x
 .text          0x80006238       0x28 d:/devkitpro/devkitppc/bin/../lib/gcc/powerpc-eabi/4.8.2/../../../../powerpc-eabi/lib\libsysbase.a(abort.o)
                0x80006238                abort
 .text          0x80006260      0x2f8 d:/devkitpro/devkitppc/bin/../lib/gcc/powerpc-eabi/4.8.2/../../../../powerpc-eabi/lib\libsysbase.a(iosupport.o)
                0x80006260                setDefaultDevice
                0x80006278                FindDevice
                0x8000639c                RemoveDevice
                0x800063ec                AddDevice
                0x80006508                GetDeviceOpTab
 .text          0x80006558       0x28 d:/devkitpro/devkitppc/bin/../lib/gcc/powerpc-eabi/4.8.2/../../../../powerpc-eabi/lib\libsysbase.a(_exit.o)
                0x80006558                _exit
 .text          0x80006580       0x88 d:/devkitpro/devkitppc/bin/../lib/gcc/powerpc-eabi/4.8.2/../../../../powerpc-eabi/lib\libsysbase.a(build_argv.o)
                0x80006580                build_argv
 .text          0x80006608       0xb0 d:/devkitpro/devkitppc/bin/../lib/gcc/powerpc-eabi/4.8.2/../../../../powerpc-eabi/lib\libsysbase.a(syscall_support.o)
                0x80006608                __libc_lock_init
                0x80006628                __libc_lock_close
                0x80006648                __libc_lock_release
                0x80006668                __libc_lock_acquire
                0x80006688                __malloc_lock
                0x800066a0                __malloc_unlock
 .text          0x800066b8       0xa0 d:/devkitpro/devkitppc/bin/../lib/gcc/powerpc-eabi/4.8.2/../../../../powerpc-eabi/lib\libsysbase.a(close.o)
                0x800066b8                _close_r
 .text          0x80006758       0xb0 d:/devkitpro/devkitppc/bin/../lib/gcc/powerpc-eabi/4.8.2/../../../../powerpc-eabi/lib\libsysbase.a(fstat.o)
                0x80006758                _fstat_r
 .text          0x80006808        0x8 d:/devkitpro/devkitppc/bin/../lib/gcc/powerpc-eabi/4.8.2/../../../../powerpc-eabi/lib\libsysbase.a(isatty.o)
                0x80006808                _isatty_r
 .text          0x80006810       0xc0 d:/devkitpro/devkitppc/bin/../lib/gcc/powerpc-eabi/4.8.2/../../../../powerpc-eabi/lib\libsysbase.a(lseek.o)
                0x80006810                _lseek_r
 .text          0x800068d0      0x14c d:/devkitpro/devkitppc/bin/../lib/gcc/powerpc-eabi/4.8.2/../../../../powerpc-eabi/lib\libsysbase.a(open.o)
                0x800068d0                _open_r
 .text          0x80006a1c       0xb0 d:/devkitpro/devkitppc/bin/../lib/gcc/powerpc-eabi/4.8.2/../../../../powerpc-eabi/lib\libsysbase.a(read.o)
                0x80006a1c                _read_r
 .text          0x80006acc       0x28 d:/devkitpro/devkitppc/bin/../lib/gcc/powerpc-eabi/4.8.2/../../../../powerpc-eabi/lib\libsysbase.a(sbrk.o)
                0x80006acc                _sbrk_r
 .text          0x80006af4       0xb8 d:/devkitpro/devkitppc/bin/../lib/gcc/powerpc-eabi/4.8.2/../../../../powerpc-eabi/lib\libsysbase.a(write.o)
                0x80006af4                _write_r
 .text          0x80006bac       0x4c d:/devkitpro/devkitppc/bin/../lib/gcc/powerpc-eabi/4.8.2/../../../../powerpc-eabi/lib\libsysbase.a(flock.o)
                0x80006bac                __flockfile
                0x80006bf0                __funlockfile
 .text          0x80006bf8      0x174 d:/devkitpro/devkitppc/bin/../lib/gcc/powerpc-eabi/4.8.2/../../../../powerpc-eabi/lib\libsysbase.a(handle_manager.o)
                0x80006bf8                __release_handle
                0x80006c54                __alloc_handle
                0x80006d44                __get_handle
 .text          0x80006d6c       0x68 d:/devkitpro/devkitppc/bin/../lib/gcc/powerpc-eabi/4.8.2/crtend.o
 *(.text.*)
 .text.ShutdownCB
                0x80006dd4       0x18 d:/devkitPro/libogc/lib/wii\libSDL.a(SDL_wii_main.o)
 .text.ResetCB  0x80006dec       0x18 d:/devkitPro/libogc/lib/wii\libSDL.a(SDL_wii_main.o)
 .text.startup.main
                0x80006e04       0xc8 d:/devkitPro/libogc/lib/wii\libSDL.a(SDL_wii_main.o)
                0x80006e04                main
 .text.SetupGX  0x80006ecc      0x1e0 d:/devkitPro/libogc/lib/wii\libSDL.a(SDL_wiivideo.o)
 .text.WII_InitVideoSystem
                0x800070ac      0x19c d:/devkitPro/libogc/lib/wii\libSDL.a(SDL_wiivideo.o)
                0x800070ac                WII_InitVideoSystem
 .text.__wpad_assign_slot
                0x80007248      0x218 d:/devkitPro/libogc/lib/wii\libwiiuse.a(wpad.o)
                0x80007248                __wpad_assign_slot
 .text.__wpad_def_powcb
                0x80007460        0x4 d:/devkitPro/libogc/lib/wii\libwiiuse.a(wpad.o)
 .text.__wpad_disconnect
                0x80007464       0x4c d:/devkitPro/libogc/lib/wii\libwiiuse.a(wpad.o)
 .text.__readlinkkey_finished
                0x800074b0       0x30 d:/devkitPro/libogc/lib/wii\libwiiuse.a(wpad.o)
 .text.__wpad_patch_finished
                0x800074e0       0x2c d:/devkitPro/libogc/lib/wii\libwiiuse.a(wpad.o)
 .text.__wpad_setfmt
                0x8000750c      0x100 d:/devkitPro/libogc/lib/wii\libwiiuse.a(wpad.o)
 .text.__wpad_eventCB
                0x8000760c      0x8e0 d:/devkitPro/libogc/lib/wii\libwiiuse.a(wpad.o)
 .text.__wpad_disconnectCB
                0x80007eec       0xcc d:/devkitPro/libogc/lib/wii\libwiiuse.a(wpad.o)
                0x80007eec                __wpad_disconnectCB
 .text.__wpad_timeouthandler
                0x80007fb8       0x90 d:/devkitPro/libogc/lib/wii\libwiiuse.a(wpad.o)
 .text.__initcore_finished
                0x80008048       0x48 d:/devkitPro/libogc/lib/wii\libwiiuse.a(wpad.o)
 .text.__wpad_init_finished
                0x80008090      0x138 d:/devkitPro/libogc/lib/wii\libwiiuse.a(wpad.o)
 .text.WPAD_SetDataFormat
                0x800081c8      0x118 d:/devkitPro/libogc/lib/wii\libwiiuse.a(wpad.o)
                0x800081c8                WPAD_SetDataFormat
 .text.WPAD_SetVRes
                0x800082e0       0xe0 d:/devkitPro/libogc/lib/wii\libwiiuse.a(wpad.o)
                0x800082e0                WPAD_SetVRes
 .text.WPAD_SetPowerButtonCallback
                0x800083c0       0x58 d:/devkitPro/libogc/lib/wii\libwiiuse.a(wpad.o)
                0x800083c0                WPAD_SetPowerButtonCallback
 .text.WPAD_Shutdown
                0x80008418       0xbc d:/devkitPro/libogc/lib/wii\libwiiuse.a(wpad.o)
                0x80008418                WPAD_Shutdown
 .text.WPAD_Init
                0x800084d4      0x234 d:/devkitPro/libogc/lib/wii\libwiiuse.a(wpad.o)
                0x800084d4                WPAD_Init
 .text.__wpad_onreset
                0x80008708       0x34 d:/devkitPro/libogc/lib/wii\libwiiuse.a(wpad.o)
 .text.motion_plus_disconnected
                0x8000873c       0x10 d:/devkitPro/libogc/lib/wii\libwiiuse.a(motion_plus.o)
                0x8000873c                motion_plus_disconnected
 .text.motion_plus_event
                0x8000874c       0x64 d:/devkitPro/libogc/lib/wii\libwiiuse.a(motion_plus.o)
                0x8000874c                motion_plus_event
 .text.wiiuse_handshake
                0x800087b0      0x164 d:/devkitPro/libogc/lib/wii\libwiiuse.a(io.o)
                0x800087b0                wiiuse_handshake
 .text.wiiuse_handshake_expansion
                0x80008914      0x1c4 d:/devkitPro/libogc/lib/wii\libwiiuse.a(io.o)
                0x80008914                wiiuse_handshake_expansion
 .text.wiiuse_handshake_expansion_start
                0x80008ad8       0x24 d:/devkitPro/libogc/lib/wii\libwiiuse.a(io.o)
                0x80008ad8                wiiuse_handshake_expansion_start
 .text.wiiuse_disable_expansion
                0x80008afc       0xcc d:/devkitPro/libogc/lib/wii\libwiiuse.a(io.o)
                0x80008afc                wiiuse_disable_expansion
 .text.__wiiuse_connected
                0x80008bc8       0x78 d:/devkitPro/libogc/lib/wii\libwiiuse.a(io_wii.o)
 .text.__wiiuse_disconnected
                0x80008c40       0x90 d:/devkitPro/libogc/lib/wii\libwiiuse.a(io_wii.o)
 .text.__wiiuse_receive
                0x80008cd0       0x8c d:/devkitPro/libogc/lib/wii\libwiiuse.a(io_wii.o)
 .text.__wiiuse_sensorbar_enable
                0x80008d5c       0x4c d:/devkitPro/libogc/lib/wii\libwiiuse.a(io_wii.o)
                0x80008d5c                __wiiuse_sensorbar_enable
 .text.wiiuse_register
                0x80008da8       0xa8 d:/devkitPro/libogc/lib/wii\libwiiuse.a(io_wii.o)
                0x80008da8                wiiuse_register
 .text.wiiuse_disconnect
                0x80008e50       0x24 d:/devkitPro/libogc/lib/wii\libwiiuse.a(io_wii.o)
                0x80008e50                wiiuse_disconnect
 .text.wiiuse_init_cmd_queue
                0x80008e74       0x90 d:/devkitPro/libogc/lib/wii\libwiiuse.a(io_wii.o)
                0x80008e74                wiiuse_init_cmd_queue
 .text.wiiuse_io_write
                0x80008f04       0x1c d:/devkitPro/libogc/lib/wii\libwiiuse.a(io_wii.o)
                0x80008f04                wiiuse_io_write
 .text.get_ir_sens.isra.0
                0x80008f20       0xe4 d:/devkitPro/libogc/lib/wii\libwiiuse.a(ir.o)
 .text.wiiuse_set_ir_mode
                0x80009004       0x60 d:/devkitPro/libogc/lib/wii\libwiiuse.a(ir.o)
                0x80009004                wiiuse_set_ir_mode
 .text.wiiuse_set_ir
                0x80009064      0x19c d:/devkitPro/libogc/lib/wii\libwiiuse.a(ir.o)
                0x80009064                wiiuse_set_ir
 .text.wiiuse_set_ir_vres
                0x80009200       0x1c d:/devkitPro/libogc/lib/wii\libwiiuse.a(ir.o)
                0x80009200                wiiuse_set_ir_vres
 .text.wiiuse_set_ir_position
                0x8000921c       0x78 d:/devkitPro/libogc/lib/wii\libwiiuse.a(ir.o)
                0x8000921c                wiiuse_set_ir_position
 .text.wiiuse_set_aspect_ratio
                0x80009294       0x3c d:/devkitPro/libogc/lib/wii\libwiiuse.a(ir.o)
                0x80009294                wiiuse_set_aspect_ratio
 .text.wiiuse_set_ir_sensitivity
                0x800092d0       0xf0 d:/devkitPro/libogc/lib/wii\libwiiuse.a(ir.o)
                0x800092d0                wiiuse_set_ir_sensitivity
 .text.calculate_basic_ir
                0x800093c0       0xf4 d:/devkitPro/libogc/lib/wii\libwiiuse.a(ir.o)
                0x800093c0                calculate_basic_ir
 .text.calculate_extended_ir
                0x800094b4       0x7c d:/devkitPro/libogc/lib/wii\libwiiuse.a(ir.o)
                0x800094b4                calculate_extended_ir
 .text.nunchuk_handshake
                0x80009530      0x228 d:/devkitPro/libogc/lib/wii\libwiiuse.a(nunchuk.o)
                0x80009530                nunchuk_handshake
 .text.nunchuk_disconnected
                0x80009758        0xc d:/devkitPro/libogc/lib/wii\libwiiuse.a(nunchuk.o)
                0x80009758                nunchuk_disconnected
 .text.nunchuk_event
                0x80009764       0xdc d:/devkitPro/libogc/lib/wii\libwiiuse.a(nunchuk.o)
                0x80009764                nunchuk_event
 .text.wii_board_handshake
                0x80009840      0x16c d:/devkitPro/libogc/lib/wii\libwiiuse.a(wiiboard.o)
                0x80009840                wii_board_handshake
 .text.wii_board_disconnected
                0x800099ac        0xc d:/devkitPro/libogc/lib/wii\libwiiuse.a(wiiboard.o)
                0x800099ac                wii_board_disconnected
 .text.wii_board_event
                0x800099b8       0x54 d:/devkitPro/libogc/lib/wii\libwiiuse.a(wiiboard.o)
                0x800099b8                wii_board_event
 .text.wiiuse_send_next_command
                0x80009a0c       0x50 d:/devkitPro/libogc/lib/wii\libwiiuse.a(wiiuse.o)
                0x80009a0c                wiiuse_send_next_command
 .text.__wiiuse_push_command
                0x80009a5c       0x90 d:/devkitPro/libogc/lib/wii\libwiiuse.a(wiiuse.o)
 .text.wiiuse_init
                0x80009aec      0x158 d:/devkitPro/libogc/lib/wii\libwiiuse.a(wiiuse.o)
                0x80009aec                wiiuse_init
 .text.wiiuse_set_flags
                0x80009c44       0x24 d:/devkitPro/libogc/lib/wii\libwiiuse.a(wiiuse.o)
                0x80009c44                wiiuse_set_flags
 .text.wiiuse_read_data
                0x80009c68       0x94 d:/devkitPro/libogc/lib/wii\libwiiuse.a(wiiuse.o)
                0x80009c68                wiiuse_read_data
 .text.wiiuse_write_data
                0x80009cfc       0xc4 d:/devkitPro/libogc/lib/wii\libwiiuse.a(wiiuse.o)
                0x80009cfc                wiiuse_write_data
 .text.wiiuse_sendcmd
                0x80009dc0       0x8c d:/devkitPro/libogc/lib/wii\libwiiuse.a(wiiuse.o)
                0x80009dc0                wiiuse_sendcmd
 .text.wiiuse_set_leds
                0x80009e4c       0x50 d:/devkitPro/libogc/lib/wii\libwiiuse.a(wiiuse.o)
                0x80009e4c                wiiuse_set_leds
 .text.wiiuse_set_report_type
                0x80009e9c       0xd8 d:/devkitPro/libogc/lib/wii\libwiiuse.a(wiiuse.o)
                0x80009e9c                wiiuse_set_report_type
 .text.wiiuse_status
                0x80009f74       0x4c d:/devkitPro/libogc/lib/wii\libwiiuse.a(wiiuse.o)
                0x80009f74                wiiuse_status
 .text.wiiuse_motion_sensing
                0x80009fc0       0x3c d:/devkitPro/libogc/lib/wii\libwiiuse.a(wiiuse.o)
                0x80009fc0                wiiuse_motion_sensing
 .text.wiiuse_set_speaker
                0x80009ffc      0x1f0 d:/devkitPro/libogc/lib/wii\libwiiuse.a(speaker.o)
                0x80009ffc                wiiuse_set_speaker
 .text.classic_ctrl_handshake
                0x8000a1ec      0x17c d:/devkitPro/libogc/lib/wii\libwiiuse.a(classic.o)
                0x8000a1ec                classic_ctrl_handshake
 .text.classic_ctrl_disconnected
                0x8000a368        0xc d:/devkitPro/libogc/lib/wii\libwiiuse.a(classic.o)
                0x8000a368                classic_ctrl_disconnected
 .text.classic_ctrl_event
                0x8000a374       0xa0 d:/devkitPro/libogc/lib/wii\libwiiuse.a(classic.o)
                0x8000a374                classic_ctrl_event
 .text.handle_expansion
                0x8000a414       0x44 d:/devkitPro/libogc/lib/wii\libwiiuse.a(events.o)
 .text.wiiuse_pressed_buttons
                0x8000a458       0x2c d:/devkitPro/libogc/lib/wii\libwiiuse.a(events.o)
                0x8000a458                wiiuse_pressed_buttons
 .text.parse_event
                0x8000a484      0x578 d:/devkitPro/libogc/lib/wii\libwiiuse.a(events.o)
                0x8000a484                parse_event
 .text.guitar_hero_3_handshake
                0x8000a9fc       0x68 d:/devkitPro/libogc/lib/wii\libwiiuse.a(guitar_hero_3.o)
                0x8000a9fc                guitar_hero_3_handshake
 .text.guitar_hero_3_disconnected
                0x8000aa64        0xc d:/devkitPro/libogc/lib/wii\libwiiuse.a(guitar_hero_3.o)
                0x8000aa64                guitar_hero_3_disconnected
 .text.guitar_hero_3_event
                0x8000aa70       0x64 d:/devkitPro/libogc/lib/wii\libwiiuse.a(guitar_hero_3.o)
                0x8000aa70                guitar_hero_3_event
 .text.acl_wlp_completed
                0x8000aad4        0x8 d:/devkitPro/libogc/lib/wii\libbte.a(bte.o)
                0x8000aad4                acl_wlp_completed
 .text.bt_alarmhandler
                0x8000aadc       0x60 d:/devkitPro/libogc/lib/wii\libbte.a(bte.o)
 .text.__bte_cmdfinish
                0x8000ab3c       0x9c d:/devkitPro/libogc/lib/wii\libbte.a(bte.o)
 .text.__bte_shutdown_finished
                0x8000abd8       0x60 d:/devkitPro/libogc/lib/wii\libbte.a(bte.o)
 .text.bte_hci_apply_patch_complete
                0x8000ac38       0xa8 d:/devkitPro/libogc/lib/wii\libbte.a(bte.o)
                0x8000ac38                bte_hci_apply_patch_complete
 .text.__bte_send_pending_request
                0x8000ace0       0xc0 d:/devkitPro/libogc/lib/wii\libbte.a(bte.o)
 .text.__bte_close_ctrl_queue
                0x8000ada0       0x80 d:/devkitPro/libogc/lib/wii\libbte.a(bte.o)
 .text.acl_conn_complete
                0x8000ae20       0x2c d:/devkitPro/libogc/lib/wii\libbte.a(bte.o)
                0x8000ae20                acl_conn_complete
 .text.bte_hci_initcore_complete2
                0x8000ae4c       0xf0 d:/devkitPro/libogc/lib/wii\libbte.a(bte.o)
                0x8000ae4c                bte_hci_initcore_complete2
 .text.bte_hci_initcore_complete
                0x8000af3c      0x150 d:/devkitPro/libogc/lib/wii\libbte.a(bte.o)
                0x8000af3c                bte_hci_initcore_complete
 .text.bte_hci_patch_complete
                0x8000b08c      0x1b0 d:/devkitPro/libogc/lib/wii\libbte.a(bte.o)
                0x8000b08c                bte_hci_patch_complete
 .text.bte_hci_initsub_complete
                0x8000b23c      0x12c d:/devkitPro/libogc/lib/wii\libbte.a(bte.o)
                0x8000b23c                bte_hci_initsub_complete
 .text.bte_read_stored_link_key_complete
                0x8000b368      0x10c d:/devkitPro/libogc/lib/wii\libbte.a(bte.o)
                0x8000b368                bte_read_stored_link_key_complete
 .text.l2cap_disconnected_ind
                0x8000b474       0xb0 d:/devkitPro/libogc/lib/wii\libbte.a(bte.o)
                0x8000b474                l2cap_disconnected_ind
 .text.bte_process_input
                0x8000b524       0xf8 d:/devkitPro/libogc/lib/wii\libbte.a(bte.o)
 .text.l2cap_disconnect_cfm
                0x8000b61c       0xd8 d:/devkitPro/libogc/lib/wii\libbte.a(bte.o)
                0x8000b61c                l2cap_disconnect_cfm
 .text.l2cap_accepted
                0x8000b6f4       0xd4 d:/devkitPro/libogc/lib/wii\libbte.a(bte.o)
                0x8000b6f4                l2cap_accepted
 .text.__bte_waitcmdfinish.constprop.7
                0x8000b7c8       0x7c d:/devkitPro/libogc/lib/wii\libbte.a(bte.o)
 .text.BTE_Init
                0x8000b844      0x118 d:/devkitPro/libogc/lib/wii\libbte.a(bte.o)
                0x8000b844                BTE_Init
 .text.BTE_Shutdown
                0x8000b95c       0xa8 d:/devkitPro/libogc/lib/wii\libbte.a(bte.o)
                0x8000b95c                BTE_Shutdown
 .text.BTE_InitCore
                0x8000ba04       0x80 d:/devkitPro/libogc/lib/wii\libbte.a(bte.o)
                0x8000ba04                BTE_InitCore
 .text.BTE_ApplyPatch
                0x8000ba84       0x9c d:/devkitPro/libogc/lib/wii\libbte.a(bte.o)
                0x8000ba84                BTE_ApplyPatch
 .text.BTE_InitSub
                0x8000bb20       0x84 d:/devkitPro/libogc/lib/wii\libbte.a(bte.o)
                0x8000bb20                BTE_InitSub
 .text.BTE_ReadStoredLinkKey
                0x8000bba4       0x88 d:/devkitPro/libogc/lib/wii\libbte.a(bte.o)
                0x8000bba4                BTE_ReadStoredLinkKey
 .text.BTE_SetDisconnectCallback
                0x8000bc2c        0x4 d:/devkitPro/libogc/lib/wii\libbte.a(bte.o)
                0x8000bc2c                BTE_SetDisconnectCallback
 .text.bte_new  0x8000bc30       0x48 d:/devkitPro/libogc/lib/wii\libbte.a(bte.o)
                0x8000bc30                bte_new
 .text.bte_registerdeviceasync
                0x8000bc78      0x12c d:/devkitPro/libogc/lib/wii\libbte.a(bte.o)
                0x8000bc78                bte_registerdeviceasync
 .text.bte_disconnect
                0x8000bda4       0x94 d:/devkitPro/libogc/lib/wii\libbte.a(bte.o)
                0x8000bda4                bte_disconnect
 .text.bte_senddata
                0x8000be38       0xb8 d:/devkitPro/libogc/lib/wii\libbte.a(bte.o)
                0x8000be38                bte_senddata
 .text.bte_arg  0x8000bef0       0x40 d:/devkitPro/libogc/lib/wii\libbte.a(bte.o)
                0x8000bef0                bte_arg
 .text.bte_received
                0x8000bf30       0x40 d:/devkitPro/libogc/lib/wii\libbte.a(bte.o)
                0x8000bf30                bte_received
 .text.bte_disconnected
                0x8000bf70       0x40 d:/devkitPro/libogc/lib/wii\libbte.a(bte.o)
                0x8000bf70                bte_disconnected
 .text.hci_init
                0x8000bfb0       0x7c d:/devkitPro/libogc/lib/wii\libbte.a(hci.o)
                0x8000bfb0                hci_init
 .text.hci_new  0x8000c02c       0x38 d:/devkitPro/libogc/lib/wii\libbte.a(hci.o)
                0x8000c02c                hci_new
 .text.hci_get_link
                0x8000c064       0x7c d:/devkitPro/libogc/lib/wii\libbte.a(hci.o)
                0x8000c064                hci_get_link
 .text.hci_close
                0x8000c0e0       0xc8 d:/devkitPro/libogc/lib/wii\libbte.a(hci.o)
                0x8000c0e0                hci_close
 .text.hci_reset_all
                0x8000c1a8       0x98 d:/devkitPro/libogc/lib/wii\libbte.a(hci.o)
                0x8000c1a8                hci_reset_all
 .text.hci_arg  0x8000c240        0xc d:/devkitPro/libogc/lib/wii\libbte.a(hci.o)
                0x8000c240                hci_arg
 .text.hci_cmd_complete
                0x8000c24c        0xc d:/devkitPro/libogc/lib/wii\libbte.a(hci.o)
                0x8000c24c                hci_cmd_complete
 .text.hci_connection_complete
                0x8000c258        0xc d:/devkitPro/libogc/lib/wii\libbte.a(hci.o)
                0x8000c258                hci_connection_complete
 .text.hci_wlp_complete
                0x8000c264        0xc d:/devkitPro/libogc/lib/wii\libbte.a(hci.o)
                0x8000c264                hci_wlp_complete
 .text.hci_cmd_ass
                0x8000c270       0x4c d:/devkitPro/libogc/lib/wii\libbte.a(hci.o)
                0x8000c270                hci_cmd_ass
 .text.hci_reset
                0x8000c2bc       0x60 d:/devkitPro/libogc/lib/wii\libbte.a(hci.o)
                0x8000c2bc                hci_reset
 .text.hci_read_buffer_size
                0x8000c31c       0x60 d:/devkitPro/libogc/lib/wii\libbte.a(hci.o)
                0x8000c31c                hci_read_buffer_size
 .text.hci_read_bd_addr
                0x8000c37c       0x60 d:/devkitPro/libogc/lib/wii\libbte.a(hci.o)
                0x8000c37c                hci_read_bd_addr
 .text.hci_read_local_version
                0x8000c3dc       0x60 d:/devkitPro/libogc/lib/wii\libbte.a(hci.o)
                0x8000c3dc                hci_read_local_version
 .text.hci_read_local_features
                0x8000c43c       0x60 d:/devkitPro/libogc/lib/wii\libbte.a(hci.o)
                0x8000c43c                hci_read_local_features
 .text.hci_read_stored_link_key
                0x8000c49c       0xa8 d:/devkitPro/libogc/lib/wii\libbte.a(hci.o)
                0x8000c49c                hci_read_stored_link_key
 .text.hci_write_page_timeout
                0x8000c544       0x7c d:/devkitPro/libogc/lib/wii\libbte.a(hci.o)
                0x8000c544                hci_write_page_timeout
 .text.hci_write_scan_enable
                0x8000c5c0       0x6c d:/devkitPro/libogc/lib/wii\libbte.a(hci.o)
                0x8000c5c0                hci_write_scan_enable
 .text.hci_accecpt_conn_request
                0x8000c62c       0x80 d:/devkitPro/libogc/lib/wii\libbte.a(hci.o)
                0x8000c62c                hci_accecpt_conn_request
 .text.hci_write_local_name
                0x8000c6ac       0x80 d:/devkitPro/libogc/lib/wii\libbte.a(hci.o)
                0x8000c6ac                hci_write_local_name
 .text.hci_write_pin_type
                0x8000c72c       0x6c d:/devkitPro/libogc/lib/wii\libbte.a(hci.o)
                0x8000c72c                hci_write_pin_type
 .text.hci_write_inquiry_mode
                0x8000c798       0x6c d:/devkitPro/libogc/lib/wii\libbte.a(hci.o)
                0x8000c798                hci_write_inquiry_mode
 .text.hci_write_page_scan_type
                0x8000c804       0x6c d:/devkitPro/libogc/lib/wii\libbte.a(hci.o)
                0x8000c804                hci_write_page_scan_type
 .text.hci_write_inquiry_scan_type
                0x8000c870       0x6c d:/devkitPro/libogc/lib/wii\libbte.a(hci.o)
                0x8000c870                hci_write_inquiry_scan_type
 .text.hci_vendor_specific_command
                0x8000c8dc       0x8c d:/devkitPro/libogc/lib/wii\libbte.a(hci.o)
                0x8000c8dc                hci_vendor_specific_command
 .text.hci_write_link_policy_settings
                0x8000c968       0xa8 d:/devkitPro/libogc/lib/wii\libbte.a(hci.o)
                0x8000c968                hci_write_link_policy_settings
 .text.hci_pin_code_request_neg_reply
                0x8000ca10       0x74 d:/devkitPro/libogc/lib/wii\libbte.a(hci.o)
                0x8000ca10                hci_pin_code_request_neg_reply
 .text.hci_disconnect
                0x8000ca84       0x9c d:/devkitPro/libogc/lib/wii\libbte.a(hci.o)
                0x8000ca84                hci_disconnect
 .text.hci_write_cod
                0x8000cb20       0x78 d:/devkitPro/libogc/lib/wii\libbte.a(hci.o)
                0x8000cb20                hci_write_cod
 .text.hci_host_buffer_size
                0x8000cb98       0xcc d:/devkitPro/libogc/lib/wii\libbte.a(hci.o)
                0x8000cb98                hci_host_buffer_size
 .text.hci_host_num_comp_packets
                0x8000cc64       0xb0 d:/devkitPro/libogc/lib/wii\libbte.a(hci.o)
                0x8000cc64                hci_host_num_comp_packets
 .text.lp_pdu_maxsize
                0x8000cd14        0xc d:/devkitPro/libogc/lib/wii\libbte.a(hci.o)
                0x8000cd14                lp_pdu_maxsize
 .text.lp_acl_write
                0x8000cd20      0x120 d:/devkitPro/libogc/lib/wii\libbte.a(hci.o)
                0x8000cd20                lp_acl_write
 .text.lp_write_flush_timeout
                0x8000ce40       0xa8 d:/devkitPro/libogc/lib/wii\libbte.a(hci.o)
                0x8000ce40                lp_write_flush_timeout
 .text.hci_event_handler
                0x8000cee8      0xa78 d:/devkitPro/libogc/lib/wii\libbte.a(hci.o)
                0x8000cee8                hci_event_handler
 .text.hci_acldata_handler
                0x8000d960       0xd8 d:/devkitPro/libogc/lib/wii\libbte.a(hci.o)
                0x8000d960                hci_acldata_handler
 .text.l2cap_cid_alloc
                0x8000da38       0x4c d:/devkitPro/libogc/lib/wii\libbte.a(l2cap.o)
 .text.l2cap_init
                0x8000da84       0x60 d:/devkitPro/libogc/lib/wii\libbte.a(l2cap.o)
                0x8000da84                l2cap_init
 .text.l2cap_write
                0x8000dae4       0xd8 d:/devkitPro/libogc/lib/wii\libbte.a(l2cap.o)
                0x8000dae4                l2cap_write
 .text.l2cap_new
                0x8000dbbc       0x68 d:/devkitPro/libogc/lib/wii\libbte.a(l2cap.o)
                0x8000dbbc                l2cap_new
 .text.l2cap_close
                0x8000dc24      0x16c d:/devkitPro/libogc/lib/wii\libbte.a(l2cap.o)
                0x8000dc24                l2cap_close
 .text.l2cap_reset_all
                0x8000dd90      0x108 d:/devkitPro/libogc/lib/wii\libbte.a(l2cap.o)
                0x8000dd90                l2cap_reset_all
 .text.l2cap_rexmit_signal
                0x8000de98       0x10 d:/devkitPro/libogc/lib/wii\libbte.a(l2cap.o)
                0x8000de98                l2cap_rexmit_signal
 .text.l2ca_datawrite
                0x8000dea8       0xf8 d:/devkitPro/libogc/lib/wii\libbte.a(l2cap.o)
                0x8000dea8                l2ca_datawrite
 .text.lp_connect_ind
                0x8000dfa0        0x4 d:/devkitPro/libogc/lib/wii\libbte.a(l2cap.o)
                0x8000dfa0                lp_connect_ind
 .text.lp_disconnect_ind
                0x8000dfa4       0xf4 d:/devkitPro/libogc/lib/wii\libbte.a(l2cap.o)
                0x8000dfa4                lp_disconnect_ind
 .text.l2cap_disconnect_bb
                0x8000e098       0x10 d:/devkitPro/libogc/lib/wii\libbte.a(l2cap.o)
                0x8000e098                l2cap_disconnect_bb
 .text.l2cap_next_sigid
                0x8000e0a8       0x28 d:/devkitPro/libogc/lib/wii\libbte.a(l2cap.o)
                0x8000e0a8                l2cap_next_sigid
 .text.l2cap_signal
                0x8000e0d0      0x188 d:/devkitPro/libogc/lib/wii\libbte.a(l2cap.o)
                0x8000e0d0                l2cap_signal
 .text.l2ca_config_req
                0x8000e258      0x10c d:/devkitPro/libogc/lib/wii\libbte.a(l2cap.o)
                0x8000e258                l2ca_config_req
 .text.l2ca_disconnect_req
                0x8000e364       0xb4 d:/devkitPro/libogc/lib/wii\libbte.a(l2cap.o)
                0x8000e364                l2ca_disconnect_req
 .text.l2cap_tmr
                0x8000e418      0x1e8 d:/devkitPro/libogc/lib/wii\libbte.a(l2cap.o)
                0x8000e418                l2cap_tmr
 .text.l2cap_process_sig
                0x8000e600     0x103c d:/devkitPro/libogc/lib/wii\libbte.a(l2cap.o)
                0x8000e600                l2cap_process_sig
 .text.lp_connect_cfm
                0x8000f63c      0x134 d:/devkitPro/libogc/lib/wii\libbte.a(l2cap.o)
                0x8000f63c                lp_connect_cfm
 .text.l2cap_input
                0x8000f770      0x504 d:/devkitPro/libogc/lib/wii\libbte.a(l2cap.o)
                0x8000f770                l2cap_input
 .text.l2cap_arg
                0x8000fc74        0x8 d:/devkitPro/libogc/lib/wii\libbte.a(l2cap.o)
                0x8000fc74                l2cap_arg
 .text.l2cap_connect_ind
                0x8000fc7c       0xdc d:/devkitPro/libogc/lib/wii\libbte.a(l2cap.o)
                0x8000fc7c                l2cap_connect_ind
 .text.l2cap_disconnect_ind
                0x8000fd58        0x8 d:/devkitPro/libogc/lib/wii\libbte.a(l2cap.o)
                0x8000fd58                l2cap_disconnect_ind
 .text.l2cap_recv
                0x8000fd60        0x8 d:/devkitPro/libogc/lib/wii\libbte.a(l2cap.o)
                0x8000fd60                l2cap_recv
 .text.btmemb_init
                0x8000fd68       0x24 d:/devkitPro/libogc/lib/wii\libbte.a(btmemb.o)
                0x8000fd68                btmemb_init
 .text.btmemb_alloc
                0x8000fd8c       0x9c d:/devkitPro/libogc/lib/wii\libbte.a(btmemb.o)
                0x8000fd8c                btmemb_alloc
 .text.btmemb_free
                0x8000fe28       0xa4 d:/devkitPro/libogc/lib/wii\libbte.a(btmemb.o)
                0x8000fe28                btmemb_free
 .text.plug_holes
                0x8000fecc       0xa8 d:/devkitPro/libogc/lib/wii\libbte.a(btmemr.o)
 .text.btmemr_init
                0x8000ff74       0x94 d:/devkitPro/libogc/lib/wii\libbte.a(btmemr.o)
                0x8000ff74                btmemr_init
 .text.btmemr_malloc
                0x80010008      0x158 d:/devkitPro/libogc/lib/wii\libbte.a(btmemr.o)
                0x80010008                btmemr_malloc
 .text.btmemr_free
                0x80010160       0x94 d:/devkitPro/libogc/lib/wii\libbte.a(btmemr.o)
                0x80010160                btmemr_free
 .text.btmemr_realloc
                0x800101f4       0xfc d:/devkitPro/libogc/lib/wii\libbte.a(btmemr.o)
                0x800101f4                btmemr_realloc
 .text.btpbuf_init
                0x800102f0       0x28 d:/devkitPro/libogc/lib/wii\libbte.a(btpbuf.o)
                0x800102f0                btpbuf_init
 .text.btpbuf_free
                0x80010318       0xd0 d:/devkitPro/libogc/lib/wii\libbte.a(btpbuf.o)
                0x80010318                btpbuf_free
 .text.btpbuf_alloc
                0x800103e8      0x1bc d:/devkitPro/libogc/lib/wii\libbte.a(btpbuf.o)
                0x800103e8                btpbuf_alloc
 .text.btpbuf_realloc
                0x800105a4       0xa0 d:/devkitPro/libogc/lib/wii\libbte.a(btpbuf.o)
                0x800105a4                btpbuf_realloc
 .text.btpbuf_header
                0x80010644       0x84 d:/devkitPro/libogc/lib/wii\libbte.a(btpbuf.o)
                0x80010644                btpbuf_header
 .text.btpbuf_ref
                0x800106c8       0x50 d:/devkitPro/libogc/lib/wii\libbte.a(btpbuf.o)
                0x800106c8                btpbuf_ref
 .text.btpbuf_cat
                0x80010718       0x48 d:/devkitPro/libogc/lib/wii\libbte.a(btpbuf.o)
                0x80010718                btpbuf_cat
 .text.btpbuf_chain
                0x80010760       0x30 d:/devkitPro/libogc/lib/wii\libbte.a(btpbuf.o)
                0x80010760                btpbuf_chain
 .text.btpbuf_dechain
                0x80010790       0x60 d:/devkitPro/libogc/lib/wii\libbte.a(btpbuf.o)
                0x80010790                btpbuf_dechain
 .text.btpbuf_take
                0x800107f0       0xec d:/devkitPro/libogc/lib/wii\libbte.a(btpbuf.o)
                0x800107f0                btpbuf_take
 .text.__usb_closeCB
                0x800108dc       0x10 d:/devkitPro/libogc/lib/wii\libbte.a(physbusif.o)
 .text.__writebulkmsgCB
                0x800108ec       0x30 d:/devkitPro/libogc/lib/wii\libbte.a(physbusif.o)
 .text.__writectrlmsgCB
                0x8001091c       0x30 d:/devkitPro/libogc/lib/wii\libbte.a(physbusif.o)
 .text.__issue_intrread.part.0
                0x8001094c       0x80 d:/devkitPro/libogc/lib/wii\libbte.a(physbusif.o)
 .text.__readintrdataCB
                0x800109cc      0x104 d:/devkitPro/libogc/lib/wii\libbte.a(physbusif.o)
 .text.__issue_bulkread.part.2
                0x80010ad0       0x80 d:/devkitPro/libogc/lib/wii\libbte.a(physbusif.o)
 .text.__readbulkdataCB
                0x80010b50      0x104 d:/devkitPro/libogc/lib/wii\libbte.a(physbusif.o)
 .text.physbusif_init
                0x80010c54      0x1ac d:/devkitPro/libogc/lib/wii\libbte.a(physbusif.o)
                0x80010c54                physbusif_init
 .text.physbusif_close
                0x80010e00       0x28 d:/devkitPro/libogc/lib/wii\libbte.a(physbusif.o)
                0x80010e00                physbusif_close
 .text.physbusif_shutdown
                0x80010e28       0x24 d:/devkitPro/libogc/lib/wii\libbte.a(physbusif.o)
                0x80010e28                physbusif_shutdown
 .text.physbusif_reset_all
                0x80010e4c        0x4 d:/devkitPro/libogc/lib/wii\libbte.a(physbusif.o)
                0x80010e4c                physbusif_reset_all
 .text.physbusif_output
                0x80010e50      0x14c d:/devkitPro/libogc/lib/wii\libbte.a(physbusif.o)
                0x80010e50                physbusif_output
 .text._keyboardRead
                0x80010f9c       0x88 d:/devkitPro/libogc/lib/wii\libwiikeyboard.a(keyboard.o)
 .text._kbd_addEvent
                0x80011024       0x44 d:/devkitPro/libogc/lib/wii\libwiikeyboard.a(keyboard.o)
 .text._kbd_thread_func
                0x80011068      0x10c d:/devkitPro/libogc/lib/wii\libwiikeyboard.a(keyboard.o)
 .text.update_modifier
                0x80011174       0x3c d:/devkitPro/libogc/lib/wii\libwiikeyboard.a(keyboard.o)
                0x80011174                update_modifier
 .text._kbd_event_cb
                0x800111b0      0x454 d:/devkitPro/libogc/lib/wii\libwiikeyboard.a(keyboard.o)
 .text.KEYBOARD_GetEvent
                0x80011604       0x4c d:/devkitPro/libogc/lib/wii\libwiikeyboard.a(keyboard.o)
                0x80011604                KEYBOARD_GetEvent
 .text._kbd_buf_thread_func
                0x80011650       0x90 d:/devkitPro/libogc/lib/wii\libwiikeyboard.a(keyboard.o)
 .text.KEYBOARD_FlushEvents
                0x800116e0       0x44 d:/devkitPro/libogc/lib/wii\libwiikeyboard.a(keyboard.o)
                0x800116e0                KEYBOARD_FlushEvents
 .text.KEYBOARD_Init
                0x80011724      0x3d0 d:/devkitPro/libogc/lib/wii\libwiikeyboard.a(keyboard.o)
                0x80011724                KEYBOARD_Init
 .text.compose_tab_cmp
                0x80011af4       0x28 d:/devkitPro/libogc/lib/wii\libwiikeyboard.a(wskbdutil.o)
                0x80011af4                compose_tab_cmp
 .text.wskbd_compose_value
                0x80011b1c      0x124 d:/devkitPro/libogc/lib/wii\libwiikeyboard.a(wskbdutil.o)
                0x80011b1c                wskbd_compose_value
 .text.ksym_upcase
                0x80011c40       0x78 d:/devkitPro/libogc/lib/wii\libwiikeyboard.a(wskbdutil.o)
                0x80011c40                ksym_upcase
 .text.fillmapentry
                0x80011cb8       0xd0 d:/devkitPro/libogc/lib/wii\libwiikeyboard.a(wskbdutil.o)
                0x80011cb8                fillmapentry
 .text.wskbd_get_mapentry
                0x80011d88      0x18c d:/devkitPro/libogc/lib/wii\libwiikeyboard.a(wskbdutil.o)
                0x80011d88                wskbd_get_mapentry
 .text.wskbd_init_keymap
                0x80011f14       0xa8 d:/devkitPro/libogc/lib/wii\libwiikeyboard.a(wskbdutil.o)
                0x80011f14                wskbd_init_keymap
 .text.wskbd_load_keymap
                0x80011fbc      0x2c0 d:/devkitPro/libogc/lib/wii\libwiikeyboard.a(wskbdutil.o)
                0x80011fbc                wskbd_load_keymap
 .text._submit  0x8001227c       0x48 d:/devkitPro/libogc/lib/wii\libwiikeyboard.a(usbkeyboard.o)
 .text._disconnect
                0x800122c4       0x38 d:/devkitPro/libogc/lib/wii\libwiikeyboard.a(usbkeyboard.o)
 .text._get_protocol
                0x800122fc       0x8c d:/devkitPro/libogc/lib/wii\libwiikeyboard.a(usbkeyboard.o)
 .text._set_output_report
                0x80012388       0x94 d:/devkitPro/libogc/lib/wii\libwiikeyboard.a(usbkeyboard.o)
 .text.USBKeyboard_Initialize
                0x8001241c       0x48 d:/devkitPro/libogc/lib/wii\libwiikeyboard.a(usbkeyboard.o)
                0x8001241c                USBKeyboard_Initialize
 .text.USBKeyboard_Deinitialize
                0x80012464        0x8 d:/devkitPro/libogc/lib/wii\libwiikeyboard.a(usbkeyboard.o)
                0x80012464                USBKeyboard_Deinitialize
 .text.USBKeyboard_Close
                0x8001246c       0x4c d:/devkitPro/libogc/lib/wii\libwiikeyboard.a(usbkeyboard.o)
                0x8001246c                USBKeyboard_Close
 .text.USBKeyboard_Open
                0x800124b8      0x390 d:/devkitPro/libogc/lib/wii\libwiikeyboard.a(usbkeyboard.o)
                0x800124b8                USBKeyboard_Open
 .text.USBKeyboard_IsConnected
                0x80012848       0x1c d:/devkitPro/libogc/lib/wii\libwiikeyboard.a(usbkeyboard.o)
                0x80012848                USBKeyboard_IsConnected
 .text.USBKeyboard_Scan
                0x80012864      0x1e8 d:/devkitPro/libogc/lib/wii\libwiikeyboard.a(usbkeyboard.o)
                0x80012864                USBKeyboard_Scan
 .text.USBKeyboard_SetLed
                0x80012a4c       0x70 d:/devkitPro/libogc/lib/wii\libwiikeyboard.a(usbkeyboard.o)
                0x80012a4c                USBKeyboard_SetLed
 .text.__console_clear_line
                0x80012abc       0x80 d:/devkitPro/libogc/lib/wii\libogc.a(console.o)
 .text.__console_clear
                0x80012b3c       0x58 d:/devkitPro/libogc/lib/wii\libogc.a(console.o)
 .text.__console_write
                0x80012b94      0x6a0 d:/devkitPro/libogc/lib/wii\libogc.a(console.o)
                0x80012b94                __console_write
 .text.__console_init
                0x80013234      0x108 d:/devkitPro/libogc/lib/wii\libogc.a(console.o)
                0x80013234                __console_init
 .text.CON_Init
                0x8001333c        0x4 d:/devkitPro/libogc/lib/wii\libogc.a(console.o)
                0x8001333c                CON_Init
 .text.CON_EnableGecko
                0x80013340       0xb0 d:/devkitPro/libogc/lib/wii\libogc.a(console.o)
                0x80013340                CON_EnableGecko
 .text.__lwp_queue_initialize
                0x800133f0       0x3c d:/devkitPro/libogc/lib/wii\libogc.a(lwp_queue.o)
                0x800133f0                __lwp_queue_initialize
 .text.__lwp_queue_get
                0x8001342c       0x64 d:/devkitPro/libogc/lib/wii\libogc.a(lwp_queue.o)
                0x8001342c                __lwp_queue_get
 .text.__lwp_queue_append
                0x80013490       0x54 d:/devkitPro/libogc/lib/wii\libogc.a(lwp_queue.o)
                0x80013490                __lwp_queue_append
 .text.__lwp_priomap_addto
                0x800134e4       0x28 d:/devkitPro/libogc/lib/wii\libogc.a(lwp_threads.o)
 .text.__lwp_thread_calcheir
                0x8001350c       0x3c d:/devkitPro/libogc/lib/wii\libogc.a(lwp_threads.o)
 .text.__lwp_thread_dispatchunnest
                0x80013548       0x10 d:/devkitPro/libogc/lib/wii\libogc.a(lwp_threads.o)
 .text.__lwp_priomap_removefrom
                0x80013558       0x38 d:/devkitPro/libogc/lib/wii\libogc.a(lwp_threads.o)
 .text.__lwp_wd_insert_ticks.constprop.4
                0x80013590       0x5c d:/devkitPro/libogc/lib/wii\libogc.a(lwp_threads.o)
 .text.__lwp_isr_in_progress
                0x800135ec        0x8 d:/devkitPro/libogc/lib/wii\libogc.a(lwp_threads.o)
                0x800135ec                __lwp_isr_in_progress
 .text.__thread_dispatch_fp
                0x800135f4       0x7c d:/devkitPro/libogc/lib/wii\libogc.a(lwp_threads.o)
                0x800135f4                __thread_dispatch_fp
 .text.__thread_dispatch
                0x80013670       0xdc d:/devkitPro/libogc/lib/wii\libogc.a(lwp_threads.o)
                0x80013670                __thread_dispatch
 .text.__lwp_thread_dispatchenable
                0x8001374c       0x18 d:/devkitPro/libogc/lib/wii\libogc.a(lwp_threads.o)
 .text.__lwp_thread_resettimeslice
                0x80013764       0xb8 d:/devkitPro/libogc/lib/wii\libogc.a(lwp_threads.o)
                0x80013764                __lwp_thread_resettimeslice
 .text.__lwp_thread_tickle_timeslice
                0x8001381c       0x7c d:/devkitPro/libogc/lib/wii\libogc.a(lwp_threads.o)
                0x8001381c                __lwp_thread_tickle_timeslice
 .text.__lwp_thread_setstate
                0x80013898       0xf4 d:/devkitPro/libogc/lib/wii\libogc.a(lwp_threads.o)
                0x80013898                __lwp_thread_setstate
 .text.__lwp_thread_clearstate
                0x8001398c       0xe8 d:/devkitPro/libogc/lib/wii\libogc.a(lwp_threads.o)
                0x8001398c                __lwp_thread_clearstate
 .text.__lwp_thread_delayended
                0x80013a74       0x3c d:/devkitPro/libogc/lib/wii\libogc.a(lwp_threads.o)
                0x80013a74                __lwp_thread_delayended
 .text.__lwp_thread_setpriority
                0x80013ab0       0x5c d:/devkitPro/libogc/lib/wii\libogc.a(lwp_threads.o)
                0x80013ab0                __lwp_thread_setpriority
 .text.__lwp_thread_suspend
                0x80013b0c      0x104 d:/devkitPro/libogc/lib/wii\libogc.a(lwp_threads.o)
                0x80013b0c                __lwp_thread_suspend
 .text.__lwp_thread_settransient
                0x80013c10       0xa4 d:/devkitPro/libogc/lib/wii\libogc.a(lwp_threads.o)
                0x80013c10                __lwp_thread_settransient
 .text.__lwp_thread_changepriority
                0x80013cb4      0x118 d:/devkitPro/libogc/lib/wii\libogc.a(lwp_threads.o)
                0x80013cb4                __lwp_thread_changepriority
 .text.__lwp_thread_resume
                0x80013dcc      0x130 d:/devkitPro/libogc/lib/wii\libogc.a(lwp_threads.o)
                0x80013dcc                __lwp_thread_resume
 .text.__lwp_thread_loadenv
                0x80013efc       0x78 d:/devkitPro/libogc/lib/wii\libogc.a(lwp_threads.o)
                0x80013efc                __lwp_thread_loadenv
 .text.__lwp_thread_ready
                0x80013f74       0xc8 d:/devkitPro/libogc/lib/wii\libogc.a(lwp_threads.o)
                0x80013f74                __lwp_thread_ready
 .text.__lwp_thread_init
                0x8001403c       0xf8 d:/devkitPro/libogc/lib/wii\libogc.a(lwp_threads.o)
                0x8001403c                __lwp_thread_init
 .text.__lwp_thread_close
                0x80014134      0x114 d:/devkitPro/libogc/lib/wii\libogc.a(lwp_threads.o)
                0x80014134                __lwp_thread_close
 .text.__lwp_thread_closeall
                0x80014248       0x90 d:/devkitPro/libogc/lib/wii\libogc.a(lwp_threads.o)
                0x80014248                __lwp_thread_closeall
 .text.__lwp_thread_exit
                0x800142d8       0x38 d:/devkitPro/libogc/lib/wii\libogc.a(lwp_threads.o)
                0x800142d8                __lwp_thread_exit
 .text.__lwp_thread_handler
                0x80014310       0x64 d:/devkitPro/libogc/lib/wii\libogc.a(lwp_threads.o)
 .text.__lwp_thread_start
                0x80014374       0x50 d:/devkitPro/libogc/lib/wii\libogc.a(lwp_threads.o)
                0x80014374                __lwp_thread_start
 .text.__lwp_thread_startmultitasking
                0x800143c4       0x70 d:/devkitPro/libogc/lib/wii\libogc.a(lwp_threads.o)
                0x800143c4                __lwp_thread_startmultitasking
 .text.__lwp_thread_stopmultitasking
                0x80014434       0x58 d:/devkitPro/libogc/lib/wii\libogc.a(lwp_threads.o)
                0x80014434                __lwp_thread_stopmultitasking
 .text.__lwp_thread_coreinit
                0x8001448c       0xc0 d:/devkitPro/libogc/lib/wii\libogc.a(lwp_threads.o)
                0x8001448c                __lwp_thread_coreinit
 .text.__lwp_thread_dispatchdisable
                0x8001454c       0x10 d:/devkitPro/libogc/lib/wii\libogc.a(lwp.o)
 .text.idle_func
                0x8001455c        0x4 d:/devkitPro/libogc/lib/wii\libogc.a(lwp.o)
 .text.__lwp_thread_dispatchenable
                0x80014560       0x18 d:/devkitPro/libogc/lib/wii\libogc.a(lwp.o)
 .text.__lwp_cntrl_open
                0x80014578       0x30 d:/devkitPro/libogc/lib/wii\libogc.a(lwp.o)
 .text.__lwp_tqueue_open
                0x800145a8       0x30 d:/devkitPro/libogc/lib/wii\libogc.a(lwp.o)
 .text.__lwp_cntrl_free
                0x800145d8       0x30 d:/devkitPro/libogc/lib/wii\libogc.a(lwp.o)
 .text.__lwp_sysinit
                0x80014608      0x108 d:/devkitPro/libogc/lib/wii\libogc.a(lwp.o)
                0x80014608                __lwp_sysinit
 .text.LWP_CreateThread
                0x80014710       0xd8 d:/devkitPro/libogc/lib/wii\libogc.a(lwp.o)
                0x80014710                LWP_CreateThread
 .text.LWP_SuspendThread
                0x800147e8       0x54 d:/devkitPro/libogc/lib/wii\libogc.a(lwp.o)
                0x800147e8                LWP_SuspendThread
 .text.LWP_ResumeThread
                0x8001483c       0x58 d:/devkitPro/libogc/lib/wii\libogc.a(lwp.o)
                0x8001483c                LWP_ResumeThread
 .text.LWP_GetSelf
                0x80014894       0x38 d:/devkitPro/libogc/lib/wii\libogc.a(lwp.o)
                0x80014894                LWP_GetSelf
 .text.LWP_JoinThread
                0x800148cc       0xc8 d:/devkitPro/libogc/lib/wii\libogc.a(lwp.o)
                0x800148cc                LWP_JoinThread
 .text.LWP_InitQueue
                0x80014994       0x94 d:/devkitPro/libogc/lib/wii\libogc.a(lwp.o)
                0x80014994                LWP_InitQueue
 .text.LWP_CloseQueue
                0x80014a28       0x78 d:/devkitPro/libogc/lib/wii\libogc.a(lwp.o)
                0x80014a28                LWP_CloseQueue
 .text.LWP_ThreadSleep
                0x80014aa0       0xa0 d:/devkitPro/libogc/lib/wii\libogc.a(lwp.o)
                0x80014aa0                LWP_ThreadSleep
 .text.LWP_ThreadBroadcast
                0x80014b40       0x4c d:/devkitPro/libogc/lib/wii\libogc.a(lwp.o)
                0x80014b40                LWP_ThreadBroadcast
 .text.LWP_ThreadSignal
                0x80014b8c       0x40 d:/devkitPro/libogc/lib/wii\libogc.a(lwp.o)
                0x80014b8c                LWP_ThreadSignal
 .text.__lwp_stack_allocate
                0x80014bcc       0x50 d:/devkitPro/libogc/lib/wii\libogc.a(lwp_stack.o)
                0x80014bcc                __lwp_stack_allocate
 .text.__lwp_stack_free
                0x80014c1c       0x20 d:/devkitPro/libogc/lib/wii\libogc.a(lwp_stack.o)
                0x80014c1c                __lwp_stack_free
 .text.__lwp_wd_settimer.isra.3
                0x80014c3c       0x9c d:/devkitPro/libogc/lib/wii\libogc.a(lwp_watchdog.o)
 .text.__lwp_watchdog_init
                0x80014cd8       0x2c d:/devkitPro/libogc/lib/wii\libogc.a(lwp_watchdog.o)
                0x80014cd8                __lwp_watchdog_init
 .text.__lwp_wd_insert
                0x80014d04      0x14c d:/devkitPro/libogc/lib/wii\libogc.a(lwp_watchdog.o)
                0x80014d04                __lwp_wd_insert
 .text.__lwp_wd_remove
                0x80014e50       0xd4 d:/devkitPro/libogc/lib/wii\libogc.a(lwp_watchdog.o)
                0x80014e50                __lwp_wd_remove
 .text.__lwp_wd_tickle
                0x80014f24       0xe8 d:/devkitPro/libogc/lib/wii\libogc.a(lwp_watchdog.o)
                0x80014f24                __lwp_wd_tickle
 .text.__lwp_wkspace_init
                0x8001500c       0xa4 d:/devkitPro/libogc/lib/wii\libogc.a(lwp_wkspace.o)
                0x8001500c                __lwp_wkspace_init
 .text.__lwp_objmgr_initinfo
                0x800150b0      0x140 d:/devkitPro/libogc/lib/wii\libogc.a(lwp_objmgr.o)
                0x800150b0                __lwp_objmgr_initinfo
 .text.__lwp_objmgr_getisrdisable
                0x800151f0       0x68 d:/devkitPro/libogc/lib/wii\libogc.a(lwp_objmgr.o)
                0x800151f0                __lwp_objmgr_getisrdisable
 .text.__lwp_objmgr_getnoprotection
                0x80015258       0x24 d:/devkitPro/libogc/lib/wii\libogc.a(lwp_objmgr.o)
                0x80015258                __lwp_objmgr_getnoprotection
 .text.__lwp_objmgr_get
                0x8001527c       0x68 d:/devkitPro/libogc/lib/wii\libogc.a(lwp_objmgr.o)
                0x8001527c                __lwp_objmgr_get
 .text.__lwp_objmgr_allocate
                0x800152e4       0x78 d:/devkitPro/libogc/lib/wii\libogc.a(lwp_objmgr.o)
                0x800152e4                __lwp_objmgr_allocate
 .text.__lwp_objmgr_free
                0x8001535c       0x64 d:/devkitPro/libogc/lib/wii\libogc.a(lwp_objmgr.o)
                0x8001535c                __lwp_objmgr_free
 .text.__lwp_heap_init
                0x800153c0       0xb8 d:/devkitPro/libogc/lib/wii\libogc.a(lwp_heap.o)
                0x800153c0                __lwp_heap_init
 .text.__lwp_heap_allocate
                0x80015478      0x130 d:/devkitPro/libogc/lib/wii\libogc.a(lwp_heap.o)
                0x80015478                __lwp_heap_allocate
 .text.__lwp_heap_free
                0x800155a8      0x1d8 d:/devkitPro/libogc/lib/wii\libogc.a(lwp_heap.o)
                0x800155a8                __lwp_heap_free
 .text.__SetInterrupts
                0x80015780      0x288 d:/devkitPro/libogc/lib/wii\libogc.a(irq.o)
 .text.c_irqdispatcher
                0x80015a08      0x26c d:/devkitPro/libogc/lib/wii\libogc.a(irq.o)
                0x80015a08                c_irqdispatcher
 .text.__UnmaskIrq
                0x80015c74       0x7c d:/devkitPro/libogc/lib/wii\libogc.a(irq.o)
                0x80015c74                __UnmaskIrq
 .text.__MaskIrq
                0x80015cf0       0x7c d:/devkitPro/libogc/lib/wii\libogc.a(irq.o)
                0x80015cf0                __MaskIrq
 .text.__irq_init
                0x80015d6c       0x98 d:/devkitPro/libogc/lib/wii\libogc.a(irq.o)
                0x80015d6c                __irq_init
 .text.IRQ_Request